Archive member included because of file (symbol)

d:/freescale/kds_3.0.0/toolchain/bin/../lib/gcc/arm-none-eabi/4.8.4/armv6-m\libgcc.a(_udivsi3.o)
                              ./Sources/gps.o (__aeabi_uidiv)
d:/freescale/kds_3.0.0/toolchain/bin/../lib/gcc/arm-none-eabi/4.8.4/armv6-m\libgcc.a(_dvmd_tls.o)
                              d:/freescale/kds_3.0.0/toolchain/bin/../lib/gcc/arm-none-eabi/4.8.4/armv6-m\libgcc.a(_udivsi3.o) (__aeabi_idiv0)
d:/freescale/kds_3.0.0/toolchain/bin/../lib/gcc/arm-none-eabi/4.8.4/armv6-m\libgcc.a(_aeabi_uldivmod.o)
                              ./Generated_Code/osa1.o (__aeabi_uldivmod)
d:/freescale/kds_3.0.0/toolchain/bin/../lib/gcc/arm-none-eabi/4.8.4/armv6-m\libgcc.a(_muldi3.o)
                              ./Generated_Code/osa1.o (__aeabi_lmul)
d:/freescale/kds_3.0.0/toolchain/bin/../lib/gcc/arm-none-eabi/4.8.4/armv6-m\libgcc.a(bpabi.o)
                              d:/freescale/kds_3.0.0/toolchain/bin/../lib/gcc/arm-none-eabi/4.8.4/armv6-m\libgcc.a(_aeabi_uldivmod.o) (__gnu_uldivmod_helper)
d:/freescale/kds_3.0.0/toolchain/bin/../lib/gcc/arm-none-eabi/4.8.4/armv6-m\libgcc.a(_divdi3.o)
                              d:/freescale/kds_3.0.0/toolchain/bin/../lib/gcc/arm-none-eabi/4.8.4/armv6-m\libgcc.a(bpabi.o) (__divdi3)
d:/freescale/kds_3.0.0/toolchain/bin/../lib/gcc/arm-none-eabi/4.8.4/armv6-m\libgcc.a(_udivdi3.o)
                              d:/freescale/kds_3.0.0/toolchain/bin/../lib/gcc/arm-none-eabi/4.8.4/armv6-m\libgcc.a(bpabi.o) (__udivdi3)
d:/freescale/kds_3.0.0/toolchain/bin/../lib/gcc/arm-none-eabi/4.8.4/armv6-m\libgcc.a(_clzsi2.o)
                              d:/freescale/kds_3.0.0/toolchain/bin/../lib/gcc/arm-none-eabi/4.8.4/armv6-m\libgcc.a(_divdi3.o) (__clzsi2)
d:/freescale/kds_3.0.0/toolchain/bin/../lib/gcc/arm-none-eabi/4.8.4/../../../../arm-none-eabi/lib/armv6-m\libg_s.a(lib_a-assert.o)
                              ./Sources/gpio.o (__assert_func)
d:/freescale/kds_3.0.0/toolchain/bin/../lib/gcc/arm-none-eabi/4.8.4/../../../../arm-none-eabi/lib/armv6-m\libg_s.a(lib_a-calloc.o)
                              ./SDK/platform/osa/src/fsl_os_abstraction_bm.o (calloc)
d:/freescale/kds_3.0.0/toolchain/bin/../lib/gcc/arm-none-eabi/4.8.4/../../../../arm-none-eabi/lib/armv6-m\libg_s.a(lib_a-exit.o)
                              d:/freescale/kds_3.0.0/toolchain/bin/../lib/gcc/arm-none-eabi/4.8.4/../../../../arm-none-eabi/lib/armv6-m/crt0.o (exit)
d:/freescale/kds_3.0.0/toolchain/bin/../lib/gcc/arm-none-eabi/4.8.4/../../../../arm-none-eabi/lib/armv6-m\libg_s.a(lib_a-fprintf.o)
                              d:/freescale/kds_3.0.0/toolchain/bin/../lib/gcc/arm-none-eabi/4.8.4/../../../../arm-none-eabi/lib/armv6-m\libg_s.a(lib_a-assert.o) (fiprintf)
d:/freescale/kds_3.0.0/toolchain/bin/../lib/gcc/arm-none-eabi/4.8.4/../../../../arm-none-eabi/lib/armv6-m\libg_s.a(lib_a-impure.o)
                              d:/freescale/kds_3.0.0/toolchain/bin/../lib/gcc/arm-none-eabi/4.8.4/../../../../arm-none-eabi/lib/armv6-m\libg_s.a(lib_a-exit.o) (_global_impure_ptr)
d:/freescale/kds_3.0.0/toolchain/bin/../lib/gcc/arm-none-eabi/4.8.4/../../../../arm-none-eabi/lib/armv6-m\libg_s.a(lib_a-init.o)
                              d:/freescale/kds_3.0.0/toolchain/bin/../lib/gcc/arm-none-eabi/4.8.4/../../../../arm-none-eabi/lib/armv6-m/crt0.o (__libc_init_array)
d:/freescale/kds_3.0.0/toolchain/bin/../lib/gcc/arm-none-eabi/4.8.4/../../../../arm-none-eabi/lib/armv6-m\libg_s.a(lib_a-malloc.o)
                              ./SDK/platform/osa/src/fsl_os_abstraction_bm.o (malloc)
d:/freescale/kds_3.0.0/toolchain/bin/../lib/gcc/arm-none-eabi/4.8.4/../../../../arm-none-eabi/lib/armv6-m\libg_s.a(lib_a-memset.o)
                              d:/freescale/kds_3.0.0/toolchain/bin/../lib/gcc/arm-none-eabi/4.8.4/../../../../arm-none-eabi/lib/armv6-m/crt0.o (memset)
d:/freescale/kds_3.0.0/toolchain/bin/../lib/gcc/arm-none-eabi/4.8.4/../../../../arm-none-eabi/lib/armv6-m\libg_s.a(lib_a-nano-callocr.o)
                              d:/freescale/kds_3.0.0/toolchain/bin/../lib/gcc/arm-none-eabi/4.8.4/../../../../arm-none-eabi/lib/armv6-m\libg_s.a(lib_a-calloc.o) (_calloc_r)
d:/freescale/kds_3.0.0/toolchain/bin/../lib/gcc/arm-none-eabi/4.8.4/../../../../arm-none-eabi/lib/armv6-m\libg_s.a(lib_a-nano-freer.o)
                              d:/freescale/kds_3.0.0/toolchain/bin/../lib/gcc/arm-none-eabi/4.8.4/../../../../arm-none-eabi/lib/armv6-m\libg_s.a(lib_a-malloc.o) (_free_r)
d:/freescale/kds_3.0.0/toolchain/bin/../lib/gcc/arm-none-eabi/4.8.4/../../../../arm-none-eabi/lib/armv6-m\libg_s.a(lib_a-nano-mallocr.o)
                              d:/freescale/kds_3.0.0/toolchain/bin/../lib/gcc/arm-none-eabi/4.8.4/../../../../arm-none-eabi/lib/armv6-m\libg_s.a(lib_a-malloc.o) (_malloc_r)
d:/freescale/kds_3.0.0/toolchain/bin/../lib/gcc/arm-none-eabi/4.8.4/../../../../arm-none-eabi/lib/armv6-m\libg_s.a(lib_a-sbrkr.o)
[...]
Memory Configuration

Name             Origin             Length             Attributes
m_interrupts     0x00000000         0x00000200         xr
m_flash_config   0x00000400         0x00000010         xr
m_interrupts_ram 0x1ffffc00         0x00000200         rw
m_text           0x00000410         0x00007bf0         xr
m_data           0x1ffffe00         0x00000e00         rw
*default*        0x00000000         0xffffffff

Linker script and memory map

LOAD d:/freescale/kds_3.0.0/toolchain/bin/../lib/gcc/arm-none-eabi/4.8.4/armv6-m/crti.o
LOAD d:/freescale/kds_3.0.0/toolchain/bin/../lib/gcc/arm-none-eabi/4.8.4/armv6-m/crtbegin.o
LOAD d:/freescale/kds_3.0.0/toolchain/bin/../lib/gcc/arm-none-eabi/4.8.4/../../../../arm-none-eabi/lib/armv6-m/crt0.o
LOAD ./Static_Code/System/PE_low_level_init.o
LOAD ./Sources/Events.o
LOAD ./Sources/delay.o
LOAD ./Sources/gpio.o
LOAD ./Sources/gps.o
LOAD ./Sources/i2c.o
LOAD ./Sources/main.o
LOAD ./Sources/uart.o
LOAD ./SDK/platform/system/src/interrupt/fsl_interrupt_manager.o
LOAD ./SDK/platform/system/src/clock/MKL02Z4/fsl_clock_MKL02Z4.o
LOAD ./SDK/platform/system/src/clock/fsl_clock_manager.o
LOAD ./SDK/platform/system/src/clock/fsl_clock_manager_common.o
LOAD ./SDK/platform/osa/src/fsl_os_abstraction_bm.o
LOAD ./SDK/platform/hal/src/sim/MKL02Z4/fsl_sim_hal_MKL02Z4.o
LOAD ./SDK/platform/hal/src/port/fsl_port_hal.o
LOAD ./SDK/platform/hal/src/osc/fsl_osc_hal.o
LOAD ./SDK/platform/hal/src/mcg/fsl_mcg_hal.o
LOAD ./SDK/platform/hal/src/mcg/fsl_mcg_hal_modes.o
LOAD ./SDK/platform/hal/src/lpsci/fsl_lpsci_hal.o
LOAD ./SDK/platform/hal/src/i2c/fsl_i2c_hal.o
LOAD ./SDK/platform/hal/src/gpio/fsl_gpio_hal.o
LOAD ./SDK/platform/drivers/src/i2c/fsl_i2c_common.o
LOAD ./SDK/platform/drivers/src/i2c/fsl_i2c_master_driver.o
LOAD ./SDK/platform/drivers/src/i2c/fsl_i2c_shared_function.o
LOAD ./SDK/platform/drivers/src/i2c/fsl_i2c_slave_driver.o
LOAD ./SDK/platform/devices/MKL02Z4/startup/gcc/startup_MKL02Z4.o
LOAD ./SDK/platform/devices/MKL02Z4/startup/system_MKL02Z4.o
LOAD ./SDK/platform/devices/startup.o
LOAD ./Generated_Code/Cpu.o
LOAD ./Generated_Code/clockMan1.o
LOAD ./Generated_Code/hardware_init.o
LOAD ./Generated_Code/i2cCom1.o
LOAD ./Generated_Code/osa1.o
LOAD ./Generated_Code/pin_mux.o
LOAD d:/freescale/kds_3.0.0/toolchain/bin/../lib/gcc/arm-none-eabi/4.8.4/../../../../arm-none-eabi/lib/armv6-m\libstdc++_s.a
LOAD d:/freescale/kds_3.0.0/toolchain/bin/../lib/gcc/arm-none-eabi/4.8.4/../../../../arm-none-eabi/lib/armv6-m\libm.a
START GROUP
LOAD d:/freescale/kds_3.0.0/toolchain/bin/../lib/gcc/arm-none-eabi/4.8.4/armv6-m\libgcc.a
LOAD d:/freescale/kds_3.0.0/toolchain/bin/../lib/gcc/arm-none-eabi/4.8.4/../../../../arm-none-eabi/lib/armv6-m\libg_s.a
LOAD d:/freescale/kds_3.0.0/toolchain/bin/../lib/gcc/arm-none-eabi/4.8.4/../../../../arm-none-eabi/lib/armv6-m\libc_s.a
END GROUP
START GROUP
LOAD d:/freescale/kds_3.0.0/toolchain/bin/../lib/gcc/arm-none-eabi/4.8.4/armv6-m\libgcc.a
LOAD d:/freescale/kds_3.0.0/toolchain/bin/../lib/gcc/arm-none-eabi/4.8.4/../../../../arm-none-eabi/lib/armv6-m\libc_s.a
LOAD d:/freescale/kds_3.0.0/toolchain/bin/../lib/gcc/arm-none-eabi/4.8.4/../../../../arm-none-eabi/lib/armv6-m\libnosys.a
END GROUP
START GROUP
LOAD d:/freescale/kds_3.0.0/toolchain/bin/../lib/gcc/arm-none-eabi/4.8.4/armv6-m\libgcc.a
LOAD d:/freescale/kds_3.0.0/toolchain/bin/../lib/gcc/arm-none-eabi/4.8.4/../../../../arm-none-eabi/lib/armv6-m\libc_s.a
LOAD d:/freescale/kds_3.0.0/toolchain/bin/../lib/gcc/arm-none-eabi/4.8.4/../../../../arm-none-eabi/lib/armv6-m\libnosys.a
END GROUP
LOAD d:/freescale/kds_3.0.0/toolchain/bin/../lib/gcc/arm-none-eabi/4.8.4/armv6-m/crtend.o
LOAD d:/freescale/kds_3.0.0/toolchain/bin/../lib/gcc/arm-none-eabi/4.8.4/armv6-m/crtn.o
                0x00000000                HEAP_SIZE = DEFINED (__heap_size__)?__heap_size__:0x0
                0x00000100                STACK_SIZE = DEFINED (__stack_size__)?__stack_size__:0x100

.interrupts     0x00000000       0xc0
                0x00000000                __VECTOR_TABLE = .
                0x00000000                . = ALIGN (0x4)
 *(.isr_vector)
 .isr_vector    0x00000000       0xc0 ./SDK/platform/devices/MKL02Z4/startup/gcc/startup_MKL02Z4.o
                0x00000000                __isr_vector
                0x000000c0                . = ALIGN (0x4)
                0x1ffffc00                __VECTOR_RAM = ORIGIN (m_interrupts_ram)

.flash_config   0x00000400       0x10
                0x00000400                . = ALIGN (0x4)
 *(.FlashConfig)
 .FlashConfig   0x00000400       0x10 ./SDK/platform/devices/MKL02Z4/startup/gcc/startup_MKL02Z4.o
                0x00000410                . = ALIGN (0x4)

.text           0x00000410     0x5378
                0x00000410                . = ALIGN (0x4)
 *(.text)
 .text          0x00000410       0x60 d:/freescale/kds_3.0.0/toolchain/bin/../lib/gcc/arm-none-eabi/4.8.4/armv6-m/crtbegin.o
 .text          0x00000470       0x78 d:/freescale/kds_3.0.0/toolchain/bin/../lib/gcc/arm-none-eabi/4.8.4/../../../../arm-none-eabi/lib/armv6-m/crt0.o
                0x00000470                _start
                0x00000470                _mainCRTStartup
 .text          0x000004e8       0x18 ./SDK/platform/devices/MKL02Z4/startup/gcc/startup_MKL02Z4.o
                0x000004e8                Reset_Handler
                0x000004f8                Reserved16_IRQHandler
                0x000004f8                HardFault_Handler
                0x000004f8                PendSV_Handler
                0x000004f8                NMI_Handler
                0x000004f8                I2C1_IRQHandler
                0x000004f8                Reserved19_IRQHandler
                0x000004f8                Reserved29_IRQHandler
                0x000004f8                TPM0_IRQHandler
                0x000004f8                UART0_IRQHandler
                0x000004f8                Reserved42_IRQHandler
                0x000004f8                Reserved36_IRQHandler
                0x000004f8                ADC0_IRQHandler
                0x000004f8                Reserved39_IRQHandler
                0x000004f8                DefaultISR
                0x000004f8                PORTB_IRQHandler
                0x000004f8                Reserved18_IRQHandler
                0x000004f8                Reserved27_IRQHandler
                0x000004f8                MCG_IRQHandler
                0x000004f8                Reserved35_IRQHandler
                0x000004f8                Reserved20_IRQHandler
                0x000004f8                Reserved37_IRQHandler
                0x000004f8                Reserved17_IRQHandler
                0x000004f8                Reserved41_IRQHandler
                0x000004f8                SVC_Handler
                0x000004f8                Reserved23_IRQHandler
                0x000004f8                Reserved45_IRQHandler
                0x000004f8                Reserved30_IRQHandler
                0x000004f8                TPM1_IRQHandler
                0x000004f8                LVD_LVW_IRQHandler
                0x000004f8                SPI0_IRQHandler
                0x000004f8                PORTA_IRQHandler
                0x000004f8                FTFA_IRQHandler
                0x000004f8                Reserved40_IRQHandler
                0x000004f8                Reserved38_IRQHandler
                0x000004f8                LPTMR0_IRQHandler
                0x000004f8                CMP0_IRQHandler
 .text          0x00000500       0x9c d:/freescale/kds_3.0.0/toolchain/bin/../lib/gcc/arm-none-eabi/4.8.4/armv6-m\libgcc.a(_udivsi3.o)
                0x00000500                __aeabi_uidiv
                0x00000500                __udivsi3
                0x00000588                __aeabi_uidivmod
 .text          0x0000059c        0x4 d:/freescale/kds_3.0.0/toolchain/bin/../lib/gcc/arm-none-eabi/4.8.4/armv6-m\libgcc.a(_dvmd_tls.o)
                0x0000059c                __aeabi_idiv0
                0x0000059c                __aeabi_ldiv0
 .text          0x000005a0       0x40 d:/freescale/kds_3.0.0/toolchain/bin/../lib/gcc/arm-none-eabi/4.8.4/armv6-m\libgcc.a(_aeabi_uldivmod.o)
                0x000005a0                __aeabi_uldivmod
 .text          0x000005e0       0x44 d:/freescale/kds_3.0.0/toolchain/bin/../lib/gcc/arm-none-eabi/4.8.4/armv6-m\libgcc.a(_muldi3.o)
                0x000005e0                __muldi3
                0x000005e0                __aeabi_lmul
 .text          0x00000624       0x6c d:/freescale/kds_3.0.0/toolchain/bin/../lib/gcc/arm-none-eabi/4.8.4/armv6-m\libgcc.a(bpabi.o)
                0x00000624                __gnu_ldivmod_helper
                0x0000065c                __gnu_uldivmod_helper
 .text          0x00000690      0x3b8 d:/freescale/kds_3.0.0/toolchain/bin/../lib/gcc/arm-none-eabi/4.8.4/armv6-m\libgcc.a(_divdi3.o)
                0x00000690                __divdi3
 .text          0x00000a48      0x384 d:/freescale/kds_3.0.0/toolchain/bin/../lib/gcc/arm-none-eabi/4.8.4/armv6-m\libgcc.a(_udivdi3.o)
                0x00000a48                __udivdi3
 .text          0x00000dcc       0x3c d:/freescale/kds_3.0.0/toolchain/bin/../lib/gcc/arm-none-eabi/4.8.4/armv6-m\libgcc.a(_clzsi2.o)
                0x00000dcc                __clzsi2
 *(.text*)
 .text.PEX_components_init
                0x00000e08        0xc ./Static_Code/System/PE_low_level_init.o
                0x00000e08                PEX_components_init
 .text.PE_low_level_init
                0x00000e14       0x14 ./Static_Code/System/PE_low_level_init.o
                0x00000e14                PE_low_level_init
 .text.I2C0_IRQHandler
                0x00000e28       0x10 ./Sources/Events.o
                0x00000e28                I2C0_IRQHandler
 .text.delay_ms
                0x00000e38       0x18 ./Sources/delay.o
                0x00000e38                delay_ms
 .text.GPIO_HAL_SetPinOutput
                0x00000e50       0x3c ./Sources/gpio.o
 .text.gpio_init
                0x00000e8c       0x84 ./Sources/gpio.o
                0x00000e8c                gpio_init
 .text.gps_sate_data_init
                0x00000f10       0x54 ./Sources/gps.o
                0x00000f10                gps_sate_data_init
 .text.gps_recive_ok
                0x00000f64       0x24 ./Sources/gps.o
                0x00000f64                gps_recive_ok
 .text.gps_data_convert
                0x00000f88      0x168 ./Sources/gps.o
                0x00000f88                gps_data_convert
 .text.ParserGPGGA
                0x000010f0       0x8c ./Sources/gps.o
 .text.ParserGPRMC
                0x0000117c      0x1f0 ./Sources/gps.o
 .text.ParserGPGSA
                0x0000136c      0x118 ./Sources/gps.o
 .text.ParserGPGSV
                0x00001484      0x16c ./Sources/gps.o
 .text.gps_parser
                0x000015f0      0x15c ./Sources/gps.o
                0x000015f0                gps_parser
 .text.PORT_HAL_SetMuxMode
                0x0000174c       0x4c ./Sources/i2c.o
 .text.i2c_data_copy
                0x00001798       0x54 ./Sources/i2c.o
 .text.i2c_slave_callback
                0x000017ec      0x338 ./Sources/i2c.o
                0x000017ec                i2c_slave_callback
 .text.i2c_init
                0x00001b24       0x80 ./Sources/i2c.o
                0x00001b24                i2c_init
 .text.PORT_HAL_SetMuxMode
                0x00001ba4       0x4c ./Sources/main.o
 .text.GPIO_HAL_SetPinOutput
                0x00001bf0       0x3c ./Sources/main.o
 .text.GPIO_HAL_ClearPinOutput
                0x00001c2c       0x3c ./Sources/main.o
 .text.GPIO_HAL_ReadPinInput
                0x00001c68       0x40 ./Sources/main.o
 .text.main     0x00001ca8       0x4c ./Sources/main.o
                0x00001ca8                main
 .text.GPIO_Test_for_TE
                0x00001cf4       0xc4 ./Sources/main.o
                0x00001cf4                GPIO_Test_for_TE
 .text.CLOCK_HAL_SetLpsciSrc
                0x00001db8       0x30 ./Sources/uart.o
 .text.CLOCK_SYS_SetLpsciSrc
                0x00001de8       0x2c ./Sources/uart.o
 .text.LPSCI_HAL_EnableTransmitter
                0x00001e14       0x1c ./Sources/uart.o
 .text.LPSCI_HAL_EnableReceiver
                0x00001e30       0x1c ./Sources/uart.o
 .text.LPSCI_HAL_SetBitCountPerChar
                0x00001e4c       0x28 ./Sources/uart.o
 .text.LPSCI_HAL_SetStopBitCount
                0x00001e74       0x28 ./Sources/uart.o
 .text.uart_init
                0x00001e9c       0x6c ./Sources/uart.o
                0x00001e9c                uart_init
 .text.INT_SYS_EnableIRQGlobal
                0x00001f08       0x2c ./SDK/platform/system/src/interrupt/fsl_interrupt_manager.o
                0x00001f08                INT_SYS_EnableIRQGlobal
 .text.INT_SYS_DisableIRQGlobal
                0x00001f34       0x18 ./SDK/platform/system/src/interrupt/fsl_interrupt_manager.o
                0x00001f34                INT_SYS_DisableIRQGlobal
 .text.SIM_HAL_EnableClock
                0x00001f4c       0x58 ./SDK/platform/system/src/clock/MKL02Z4/fsl_clock_MKL02Z4.o
 .text.CLOCK_HAL_GetLpsciSrc
                0x00001fa4       0x28 ./SDK/platform/system/src/clock/MKL02Z4/fsl_clock_MKL02Z4.o
 .text.CLOCK_HAL_GetOutDiv1
                0x00001fcc       0x28 ./SDK/platform/system/src/clock/MKL02Z4/fsl_clock_MKL02Z4.o
 .text.OSC_HAL_GetExternalRefClkCmd
                0x00001ff4       0x24 ./SDK/platform/system/src/clock/MKL02Z4/fsl_clock_MKL02Z4.o
 .text.CLOCK_SYS_GetCoreClockFreq
                0x00002018       0x34 ./SDK/platform/system/src/clock/MKL02Z4/fsl_clock_MKL02Z4.o
                0x00002018                CLOCK_SYS_GetCoreClockFreq
 .text.CLOCK_SYS_GetFllClockFreq
                0x0000204c       0x18 ./SDK/platform/system/src/clock/MKL02Z4/fsl_clock_MKL02Z4.o
                0x0000204c                CLOCK_SYS_GetFllClockFreq
 .text.CLOCK_SYS_GetOsc0ExternalRefClockFreq
                0x00002064       0x2c ./SDK/platform/system/src/clock/MKL02Z4/fsl_clock_MKL02Z4.o
                0x00002064                CLOCK_SYS_GetOsc0ExternalRefClockFreq
 .text.CLOCK_SYS_GetLpsciFreq
                0x00002090       0x68 ./SDK/platform/system/src/clock/MKL02Z4/fsl_clock_MKL02Z4.o
                0x00002090                CLOCK_SYS_GetLpsciFreq
 .text.CLOCK_SYS_EnableI2cClock
                0x000020f8       0x4c ./SDK/platform/system/src/clock/MKL02Z4/fsl_clock_MKL02Z4.o
                0x000020f8                CLOCK_SYS_EnableI2cClock
 .text.CLOCK_SYS_EnableLpsciClock
                0x00002144       0x40 ./SDK/platform/system/src/clock/MKL02Z4/fsl_clock_MKL02Z4.o
                0x00002144                CLOCK_SYS_EnableLpsciClock
 .text.CLOCK_SYS_GetSystickFreq
                0x00002184       0x28 ./SDK/platform/system/src/clock/fsl_clock_manager.o
                0x00002184                CLOCK_SYS_GetSystickFreq
 .text.OSA_SemaPost
                0x000021ac       0x58 ./SDK/platform/osa/src/fsl_os_abstraction_bm.o
                0x000021ac                OSA_SemaPost
 .text.OSA_EventCreate
                0x00002204       0x58 ./SDK/platform/osa/src/fsl_os_abstraction_bm.o
                0x00002204                OSA_EventCreate
 .text.OSA_EventSet
                0x0000225c       0x4c ./SDK/platform/osa/src/fsl_os_abstraction_bm.o
                0x0000225c                OSA_EventSet
 .text.task_init
                0x000022a8       0x60 ./SDK/platform/osa/src/fsl_os_abstraction_bm.o
                0x000022a8                task_init
 .text.OSA_TimeDelay
                0x00002308       0x34 ./SDK/platform/osa/src/fsl_os_abstraction_bm.o
                0x00002308                OSA_TimeDelay
 .text.OSA_Init
                0x0000233c       0x14 ./SDK/platform/osa/src/fsl_os_abstraction_bm.o
                0x0000233c                OSA_Init
 .text.CLOCK_HAL_GetClkOutStat
                0x00002350       0x20 ./SDK/platform/hal/src/mcg/fsl_mcg_hal.o
 .text.CLOCK_HAL_GetMcgExternalClkFreq
                0x00002370       0x18 ./SDK/platform/hal/src/mcg/fsl_mcg_hal.o
 .text.CLOCK_HAL_TestFllExternalRefFreq
                0x00002388       0x7c ./SDK/platform/hal/src/mcg/fsl_mcg_hal.o
                0x00002388                CLOCK_HAL_TestFllExternalRefFreq
 .text.CLOCK_HAL_GetFllRefClk
                0x00002404       0x8c ./SDK/platform/hal/src/mcg/fsl_mcg_hal.o
                0x00002404                CLOCK_HAL_GetFllRefClk
 .text.CLOCK_HAL_TestFllFreq
                0x00002490       0x6c ./SDK/platform/hal/src/mcg/fsl_mcg_hal.o
                0x00002490                CLOCK_HAL_TestFllFreq
 .text.CLOCK_HAL_GetFllClk
                0x000024fc       0x6c ./SDK/platform/hal/src/mcg/fsl_mcg_hal.o
                0x000024fc                CLOCK_HAL_GetFllClk
 .text.CLOCK_HAL_GetInternalRefClk
                0x00002568       0x64 ./SDK/platform/hal/src/mcg/fsl_mcg_hal.o
                0x00002568                CLOCK_HAL_GetInternalRefClk
 .text.CLOCK_HAL_GetOutClk
                0x000025cc       0x64 ./SDK/platform/hal/src/mcg/fsl_mcg_hal.o
                0x000025cc                CLOCK_HAL_GetOutClk
 .text.LPSCI_HAL_Getchar
                0x00002630       0x1c ./SDK/platform/hal/src/lpsci/fsl_lpsci_hal.o
 .text.LPSCI_HAL_SetBaudRate
                0x0000264c      0x14c ./SDK/platform/hal/src/lpsci/fsl_lpsci_hal.o
                0x0000264c                LPSCI_HAL_SetBaudRate
 .text.LPSCI_HAL_SetParityMode
                0x00002798       0x40 ./SDK/platform/hal/src/lpsci/fsl_lpsci_hal.o
                0x00002798                LPSCI_HAL_SetParityMode
 .text.LPSCI_HAL_ReceiveDataPolling
                0x000027d8       0x88 ./SDK/platform/hal/src/lpsci/fsl_lpsci_hal.o
                0x000027d8                LPSCI_HAL_ReceiveDataPolling
 .text.I2C_HAL_GetStatusFlag
                0x00002860       0x34 ./SDK/platform/hal/src/i2c/fsl_i2c_hal.o
 .text.I2C_HAL_Init
                0x00002894       0x38 ./SDK/platform/hal/src/i2c/fsl_i2c_hal.o
                0x00002894                I2C_HAL_Init
 .text.I2C_HAL_SendStop
                0x000028cc       0x78 ./SDK/platform/hal/src/i2c/fsl_i2c_hal.o
                0x000028cc                I2C_HAL_SendStop
 .text.I2C_HAL_SetAddress7bit
                0x00002944       0x30 ./SDK/platform/hal/src/i2c/fsl_i2c_hal.o
                0x00002944                I2C_HAL_SetAddress7bit
 .text.GPIO_HAL_SetPinDir
                0x00002974       0x6c ./SDK/platform/hal/src/gpio/fsl_gpio_hal.o
                0x00002974                GPIO_HAL_SetPinDir
 .text.I2C_HAL_SendAck
                0x000029e0       0x1c ./SDK/platform/drivers/src/i2c/fsl_i2c_master_driver.o
 .text.I2C_HAL_SendNak
                0x000029fc       0x1c ./SDK/platform/drivers/src/i2c/fsl_i2c_master_driver.o
 .text.I2C_HAL_GetDirMode
                0x00002a18       0x20 ./SDK/platform/drivers/src/i2c/fsl_i2c_master_driver.o
 .text.I2C_HAL_ReadByte
                0x00002a38       0x18 ./SDK/platform/drivers/src/i2c/fsl_i2c_master_driver.o
 .text.I2C_HAL_WriteByte
                0x00002a50       0x1c ./SDK/platform/drivers/src/i2c/fsl_i2c_master_driver.o
 .text.I2C_HAL_GetStatusFlag
                0x00002a6c       0x34 ./SDK/platform/drivers/src/i2c/fsl_i2c_master_driver.o
 .text.I2C_HAL_IsMaster
                0x00002aa0       0x24 ./SDK/platform/drivers/src/i2c/fsl_i2c_master_driver.o
 .text.I2C_HAL_SetIntCmd
                0x00002ac4       0x28 ./SDK/platform/drivers/src/i2c/fsl_i2c_master_driver.o
 .text.I2C_HAL_ClearInt
                0x00002aec       0x14 ./SDK/platform/drivers/src/i2c/fsl_i2c_master_driver.o
 .text.I2C_DRV_MasterIRQHandler
                0x00002b00      0x134 ./SDK/platform/drivers/src/i2c/fsl_i2c_master_driver.o
                0x00002b00                I2C_DRV_MasterIRQHandler
 .text.I2C_DRV_CompleteTransfer
                0x00002c34       0x98 ./SDK/platform/drivers/src/i2c/fsl_i2c_master_driver.o
 .text.I2C_HAL_IsMaster
                0x00002ccc       0x24 ./SDK/platform/drivers/src/i2c/fsl_i2c_shared_function.o
 .text.I2C_DRV_IRQHandler
                0x00002cf0       0x5c ./SDK/platform/drivers/src/i2c/fsl_i2c_shared_function.o
                0x00002cf0                I2C_DRV_IRQHandler
 .text.NVIC_EnableIRQ
                0x00002d4c       0x2c ./SDK/platform/drivers/src/i2c/fsl_i2c_slave_driver.o
 .text.I2C_HAL_Enable
                0x00002d78       0x1c ./SDK/platform/drivers/src/i2c/fsl_i2c_slave_driver.o
 .text.I2C_HAL_SetDirMode
                0x00002d94       0x28 ./SDK/platform/drivers/src/i2c/fsl_i2c_slave_driver.o
 .text.I2C_HAL_GetDirMode
                0x00002dbc       0x20 ./SDK/platform/drivers/src/i2c/fsl_i2c_slave_driver.o
 .text.I2C_HAL_ReadByte
                0x00002ddc       0x18 ./SDK/platform/drivers/src/i2c/fsl_i2c_slave_driver.o
 .text.I2C_HAL_WriteByte
                0x00002df4       0x1c ./SDK/platform/drivers/src/i2c/fsl_i2c_slave_driver.o
 .text.I2C_HAL_GetStatusFlag
                0x00002e10       0x34 ./SDK/platform/drivers/src/i2c/fsl_i2c_slave_driver.o
 .text.I2C_HAL_ClearArbitrationLost
                0x00002e44       0x14 ./SDK/platform/drivers/src/i2c/fsl_i2c_slave_driver.o
 .text.I2C_HAL_SetIntCmd
                0x00002e58       0x28 ./SDK/platform/drivers/src/i2c/fsl_i2c_slave_driver.o
 .text.I2C_HAL_ClearInt
                0x00002e80       0x14 ./SDK/platform/drivers/src/i2c/fsl_i2c_slave_driver.o
 .text.I2C_HAL_GetStopFlag
                0x00002e94       0x24 ./SDK/platform/drivers/src/i2c/fsl_i2c_slave_driver.o
 .text.I2C_HAL_ClearStopFlag
                0x00002eb8       0x1c ./SDK/platform/drivers/src/i2c/fsl_i2c_slave_driver.o
 .text.I2C_HAL_SetStartStopIntCmd
                0x00002ed4       0x28 ./SDK/platform/drivers/src/i2c/fsl_i2c_slave_driver.o
 .text.I2C_HAL_GetStartStopIntCmd
                0x00002efc       0x24 ./SDK/platform/drivers/src/i2c/fsl_i2c_slave_driver.o
 .text.I2C_HAL_GetStartFlag
                0x00002f20       0x24 ./SDK/platform/drivers/src/i2c/fsl_i2c_slave_driver.o
 .text.I2C_HAL_ClearStartFlag
                0x00002f44       0x1c ./SDK/platform/drivers/src/i2c/fsl_i2c_slave_driver.o
 .text.INT_SYS_EnableIRQ
                0x00002f60       0x5c ./SDK/platform/drivers/src/i2c/fsl_i2c_slave_driver.o
 .text.I2C_DRV_SlaveInit
                0x00002fbc      0x10c ./SDK/platform/drivers/src/i2c/fsl_i2c_slave_driver.o
                0x00002fbc                I2C_DRV_SlaveInit
 .text.I2C_DRV_SlaveGetHandler
                0x000030c8       0x1c ./SDK/platform/drivers/src/i2c/fsl_i2c_slave_driver.o
                0x000030c8                I2C_DRV_SlaveGetHandler
 .text.I2C_DRV_SlaveIRQHandler
                0x000030e4      0x424 ./SDK/platform/drivers/src/i2c/fsl_i2c_slave_driver.o
                0x000030e4                I2C_DRV_SlaveIRQHandler
 .text.SystemInit
                0x00003508       0xec ./SDK/platform/devices/MKL02Z4/startup/system_MKL02Z4.o
                0x00003508                SystemInit
 .text.init_data_bss
                0x000035f4       0xc8 ./SDK/platform/devices/startup.o
                0x000035f4                init_data_bss
 .text.Components_Init
                0x000036bc        0x8 ./Generated_Code/Cpu.o
                0x000036bc                Components_Init
 .text.SIM_HAL_EnableClock
                0x000036c4       0x58 ./Generated_Code/hardware_init.o
 .text.hardware_init
                0x0000371c       0x50 ./Generated_Code/hardware_init.o
                0x0000371c                hardware_init
 .text.NVIC_SetPriority
                0x0000376c       0xe0 ./Generated_Code/osa1.o
 .text.CLOCK_SYS_SetSystickSrc
                0x0000384c       0x30 ./Generated_Code/osa1.o
 .text.SysTick_Handler
                0x0000387c       0x1c ./Generated_Code/osa1.o
                0x0000387c                SysTick_Handler
 .text.OSA_TimeInit
                0x00003898       0xa0 ./Generated_Code/osa1.o
                0x00003898                OSA_TimeInit
 .text.OSA_TimeDiff
                0x00003938       0x30 ./Generated_Code/osa1.o
                0x00003938                OSA_TimeDiff
 .text.OSA_TimeGetMsec
                0x00003968       0x14 ./Generated_Code/osa1.o
                0x00003968                OSA_TimeGetMsec
 .text.PORT_HAL_SetMuxMode
                0x0000397c       0x4c ./Generated_Code/pin_mux.o
 .text.SIM_HAL_SetLpsciRxSrcMode
                0x000039c8       0x2c ./Generated_Code/pin_mux.o
 .text.SIM_HAL_SetLpsciTxSrcMode
                0x000039f4       0x2c ./Generated_Code/pin_mux.o
 .text.init_coredebug_pins
                0x00003a20       0x2c ./Generated_Code/pin_mux.o
                0x00003a20                init_coredebug_pins
 .text.init_gpio_pins
                0x00003a4c       0x7c ./Generated_Code/pin_mux.o
                0x00003a4c                init_gpio_pins
 .text.init_i2c_pins
                0x00003ac8       0x34 ./Generated_Code/pin_mux.o
                0x00003ac8                init_i2c_pins
 .text.init_rcm_pins
                0x00003afc       0x20 ./Generated_Code/pin_mux.o
                0x00003afc                init_rcm_pins
 .text.init_uart0_pins
                0x00003b1c       0x48 ./Generated_Code/pin_mux.o
                0x00003b1c                init_uart0_pins
 .text.__assert_func
                0x00003b64       0x3c d:/freescale/kds_3.0.0/toolchain/bin/../lib/gcc/arm-none-eabi/4.8.4/../../../../arm-none-eabi/lib/armv6-m\libg_s.a(lib_a-assert.o)
                0x00003b64                __assert_func
 .text.exit     0x00003ba0       0x2c d:/freescale/kds_3.0.0/toolchain/bin/../lib/gcc/arm-none-eabi/4.8.4/../../../../arm-none-eabi/lib/armv6-m\libg_s.a(lib_a-exit.o)
                0x00003ba0                exit
 .text.fprintf  0x00003bcc       0x24 d:/freescale/kds_3.0.0/toolchain/bin/../lib/gcc/arm-none-eabi/4.8.4/../../../../arm-none-eabi/lib/armv6-m\libg_s.a(lib_a-fprintf.o)
                0x00003bcc                fiprintf
                0x00003bcc                fprintf
 .text.__libc_init_array
                0x00003bf0       0x4c d:/freescale/kds_3.0.0/toolchain/bin/../lib/gcc/arm-none-eabi/4.8.4/../../../../arm-none-eabi/lib/armv6-m\libg_s.a(lib_a-init.o)
                0x00003bf0                __libc_init_array
 .text.memset   0x00003c3c       0x10 d:/freescale/kds_3.0.0/toolchain/bin/../lib/gcc/arm-none-eabi/4.8.4/../../../../arm-none-eabi/lib/armv6-m\libg_s.a(lib_a-memset.o)
                0x00003c3c                memset
 .text._free_r  0x00003c4c       0x90 d:/freescale/kds_3.0.0/toolchain/bin/../lib/gcc/arm-none-eabi/4.8.4/../../../../arm-none-eabi/lib/armv6-m\libg_s.a(lib_a-nano-freer.o)
                0x00003c4c                _free_r
 .text._malloc_r
                0x00003cdc       0xa8 d:/freescale/kds_3.0.0/toolchain/bin/../lib/gcc/arm-none-eabi/4.8.4/../../../../arm-none-eabi/lib/armv6-m\libg_s.a(lib_a-nano-mallocr.o)
                0x00003cdc                _malloc_r
 .text._sbrk_r  0x00003d84       0x24 d:/freescale/kds_3.0.0/toolchain/bin/../lib/gcc/arm-none-eabi/4.8.4/../../../../arm-none-eabi/lib/armv6-m\libg_s.a(lib_a-sbrkr.o)
                0x00003d84                _sbrk_r
 .text.__sfputc_r
                0x00003da8       0x2a d:/freescale/kds_3.0.0/toolchain/bin/../lib/gcc/arm-none-eabi/4.8.4/../../../../arm-none-eabi/lib/armv6-m\libg_s.a(lib_a-vfprintf.o)
 .text.__sfputs_r
                0x00003dd2       0x24 d:/freescale/kds_3.0.0/toolchain/bin/../lib/gcc/arm-none-eabi/4.8.4/../../../../arm-none-eabi/lib/armv6-m\libg_s.a(lib_a-vfprintf.o)
                0x00003dd2                __sfputs_r
 *fill*         0x00003df6        0x2 
 .text._vfprintf_r
                0x00003df8      0x210 d:/freescale/kds_3.0.0/toolchain/bin/../lib/gcc/arm-none-eabi/4.8.4/../../../../arm-none-eabi/lib/armv6-m\libg_s.a(lib_a-vfprintf.o)
                0x00003df8                _vfprintf_r
                0x00003df8                _vfiprintf_r
 .text._printf_common
                0x00004008       0xe8 d:/freescale/kds_3.0.0/toolchain/bin/../lib/gcc/arm-none-eabi/4.8.4/../../../../arm-none-eabi/lib/armv6-m\libg_s.a(lib_a-vfprintf_i.o)
                0x00004008                _printf_common
 .text._printf_i
                0x000040f0      0x22c d:/freescale/kds_3.0.0/toolchain/bin/../lib/gcc/arm-none-eabi/4.8.4/../../../../arm-none-eabi/lib/armv6-m\libg_s.a(lib_a-vfprintf_i.o)
                0x000040f0                _printf_i
 .text.__swbuf_r
                0x0000431c       0xb0 d:/freescale/kds_3.0.0/toolchain/bin/../lib/gcc/arm-none-eabi/4.8.4/../../../../arm-none-eabi/lib/armv6-m\libg_s.a(lib_a-wbuf.o)
                0x0000431c                __swbuf_r
 .text.__swsetup_r
                0x000043cc       0xe4 d:/freescale/kds_3.0.0/toolchain/bin/../lib/gcc/arm-none-eabi/4.8.4/../../../../arm-none-eabi/lib/armv6-m\libg_s.a(lib_a-wsetup.o)
                0x000043cc                __swsetup_r
 .text.abort    0x000044b0        0xe d:/freescale/kds_3.0.0/toolchain/bin/../lib/gcc/arm-none-eabi/4.8.4/../../../../arm-none-eabi/lib/armv6-m\libg_s.a(lib_a-abort.o)
                0x000044b0                abort
 .text.__sflush_r
                0x000044be      0x112 d:/freescale/kds_3.0.0/toolchain/bin/../lib/gcc/arm-none-eabi/4.8.4/../../../../arm-none-eabi/lib/armv6-m\libg_s.a(lib_a-fflush.o)
                0x000044be                __sflush_r
 .text._fflush_r
                0x000045d0       0x58 d:/freescale/kds_3.0.0/toolchain/bin/../lib/gcc/arm-none-eabi/4.8.4/../../../../arm-none-eabi/lib/armv6-m\libg_s.a(lib_a-fflush.o)
                0x000045d0                _fflush_r
 .text._cleanup_r
                0x00004628       0x34 d:/freescale/kds_3.0.0/toolchain/bin/../lib/gcc/arm-none-eabi/4.8.4/../../../../arm-none-eabi/lib/armv6-m\libg_s.a(lib_a-findfp.o)
                0x00004628                _cleanup_r
 .text.std.isra.0
                0x0000465c       0x48 d:/freescale/kds_3.0.0/toolchain/bin/../lib/gcc/arm-none-eabi/4.8.4/../../../../arm-none-eabi/lib/armv6-m\libg_s.a(lib_a-findfp.o)
 .text.__sfmoreglue
                0x000046a4       0x2c d:/freescale/kds_3.0.0/toolchain/bin/../lib/gcc/arm-none-eabi/4.8.4/../../../../arm-none-eabi/lib/armv6-m\libg_s.a(lib_a-findfp.o)
                0x000046a4                __sfmoreglue
 .text.__sinit  0x000046d0       0x64 d:/freescale/kds_3.0.0/toolchain/bin/../lib/gcc/arm-none-eabi/4.8.4/../../../../arm-none-eabi/lib/armv6-m\libg_s.a(lib_a-findfp.o)
                0x000046d0                __sinit
 .text.__sfp    0x00004734       0x7c d:/freescale/kds_3.0.0/toolchain/bin/../lib/gcc/arm-none-eabi/4.8.4/../../../../arm-none-eabi/lib/armv6-m\libg_s.a(lib_a-findfp.o)
                0x00004734                __sfp
 .text.__smakebuf_r
                0x000047b0       0xa0 d:/freescale/kds_3.0.0/toolchain/bin/../lib/gcc/arm-none-eabi/4.8.4/../../../../arm-none-eabi/lib/armv6-m\libg_s.a(lib_a-makebuf.o)
                0x000047b0                __smakebuf_r
 .text.memchr   0x00004850       0x16 d:/freescale/kds_3.0.0/toolchain/bin/../lib/gcc/arm-none-eabi/4.8.4/../../../../arm-none-eabi/lib/armv6-m\libg_s.a(lib_a-memchr-stub.o)
                0x00004850                memchr
 .text._raise_r
                0x00004866       0x56 d:/freescale/kds_3.0.0/toolchain/bin/../lib/gcc/arm-none-eabi/4.8.4/../../../../arm-none-eabi/lib/armv6-m\libg_s.a(lib_a-signal.o)
                0x00004866                _raise_r
 .text.raise    0x000048bc       0x14 d:/freescale/kds_3.0.0/toolchain/bin/../lib/gcc/arm-none-eabi/4.8.4/../../../../arm-none-eabi/lib/armv6-m\libg_s.a(lib_a-signal.o)
                0x000048bc                raise
 .text._kill_r  0x000048d0       0x24 d:/freescale/kds_3.0.0/toolchain/bin/../lib/gcc/arm-none-eabi/4.8.4/../../../../arm-none-eabi/lib/armv6-m\libg_s.a(lib_a-signalr.o)
                0x000048d0                _kill_r
 .text._getpid_r
                0x000048f4        0x8 d:/freescale/kds_3.0.0/toolchain/bin/../lib/gcc/arm-none-eabi/4.8.4/../../../../arm-none-eabi/lib/armv6-m\libg_s.a(lib_a-signalr.o)
                0x000048f4                _getpid_r
 .text.__sread  0x000048fc       0x28 d:/freescale/kds_3.0.0/toolchain/bin/../lib/gcc/arm-none-eabi/4.8.4/../../../../arm-none-eabi/lib/armv6-m\libg_s.a(lib_a-stdio.o)
                0x000048fc                __sread
 .text.__swrite
                0x00004924       0x38 d:/freescale/kds_3.0.0/toolchain/bin/../lib/gcc/arm-none-eabi/4.8.4/../../../../arm-none-eabi/lib/armv6-m\libg_s.a(lib_a-stdio.o)
                0x00004924                __swrite
 .text.__sseek  0x0000495c       0x2c d:/freescale/kds_3.0.0/toolchain/bin/../lib/gcc/arm-none-eabi/4.8.4/../../../../arm-none-eabi/lib/armv6-m\libg_s.a(lib_a-stdio.o)
                0x0000495c                __sseek
 .text.__sclose
                0x00004988        0xc d:/freescale/kds_3.0.0/toolchain/bin/../lib/gcc/arm-none-eabi/4.8.4/../../../../arm-none-eabi/lib/armv6-m\libg_s.a(lib_a-stdio.o)
                0x00004988                __sclose
 .text.strlen   0x00004994        0xe d:/freescale/kds_3.0.0/toolchain/bin/../lib/gcc/arm-none-eabi/4.8.4/../../../../arm-none-eabi/lib/armv6-m\libg_s.a(lib_a-strlen.o)
                0x00004994                strlen
 *fill*         0x000049a2        0x2 
 .text._write_r
                0x000049a4       0x28 d:/freescale/kds_3.0.0/toolchain/bin/../lib/gcc/arm-none-eabi/4.8.4/../../../../arm-none-eabi/lib/armv6-m\libg_s.a(lib_a-writer.o)
                0x000049a4                _write_r
 .text._close_r
                0x000049cc       0x24 d:/freescale/kds_3.0.0/toolchain/bin/../lib/gcc/arm-none-eabi/4.8.4/../../../../arm-none-eabi/lib/armv6-m\libg_s.a(lib_a-closer.o)
                0x000049cc                _close_r
 .text._fstat_r
                0x000049f0       0x24 d:/freescale/kds_3.0.0/toolchain/bin/../lib/gcc/arm-none-eabi/4.8.4/../../../../arm-none-eabi/lib/armv6-m\libg_s.a(lib_a-fstatr.o)
                0x000049f0                _fstat_r
 .text._isatty_r
                0x00004a14       0x24 d:/freescale/kds_3.0.0/toolchain/bin/../lib/gcc/arm-none-eabi/4.8.4/../../../../arm-none-eabi/lib/armv6-m\libg_s.a(lib_a-isattyr.o)
                0x00004a14                _isatty_r
 .text._lseek_r
                0x00004a38       0x28 d:/freescale/kds_3.0.0/toolchain/bin/../lib/gcc/arm-none-eabi/4.8.4/../../../../arm-none-eabi/lib/armv6-m\libg_s.a(lib_a-lseekr.o)
                0x00004a38                _lseek_r
 .text._read_r  0x00004a60       0x28 d:/freescale/kds_3.0.0/toolchain/bin/../lib/gcc/arm-none-eabi/4.8.4/../../../../arm-none-eabi/lib/armv6-m\libg_s.a(lib_a-readr.o)
                0x00004a60                _read_r
 .text._close   0x00004a88       0x10 d:/freescale/kds_3.0.0/toolchain/bin/../lib/gcc/arm-none-eabi/4.8.4/../../../../arm-none-eabi/lib/armv6-m\libnosys.a(close.o)
                0x00004a88                _close
 .text._fstat   0x00004a98       0x10 d:/freescale/kds_3.0.0/toolchain/bin/../lib/gcc/arm-none-eabi/4.8.4/../../../../arm-none-eabi/lib/armv6-m\libnosys.a(fstat.o)
                0x00004a98                _fstat
 .text._getpid  0x00004aa8       0x10 d:/freescale/kds_3.0.0/toolchain/bin/../lib/gcc/arm-none-eabi/4.8.4/../../../../arm-none-eabi/lib/armv6-m\libnosys.a(getpid.o)
                0x00004aa8                _getpid
 .text._isatty  0x00004ab8       0x10 d:/freescale/kds_3.0.0/toolchain/bin/../lib/gcc/arm-none-eabi/4.8.4/../../../../arm-none-eabi/lib/armv6-m\libnosys.a(isatty.o)
                0x00004ab8                _isatty
 .text._kill    0x00004ac8       0x10 d:/freescale/kds_3.0.0/toolchain/bin/../lib/gcc/arm-none-eabi/4.8.4/../../../../arm-none-eabi/lib/armv6-m\libnosys.a(kill.o)
                0x00004ac8                _kill
 .text._lseek   0x00004ad8       0x10 d:/freescale/kds_3.0.0/toolchain/bin/../lib/gcc/arm-none-eabi/4.8.4/../../../../arm-none-eabi/lib/armv6-m\libnosys.a(lseek.o)
                0x00004ad8                _lseek
 .text._read    0x00004ae8       0x10 d:/freescale/kds_3.0.0/toolchain/bin/../lib/gcc/arm-none-eabi/4.8.4/../../../../arm-none-eabi/lib/armv6-m\libnosys.a(read.o)
                0x00004ae8                _read
 .text._sbrk    0x00004af8       0x34 d:/freescale/kds_3.0.0/toolchain/bin/../lib/gcc/arm-none-eabi/4.8.4/../../../../arm-none-eabi/lib/armv6-m\libnosys.a(sbrk.o)
                0x00004af8                _sbrk
 .text._write   0x00004b2c       0x10 d:/freescale/kds_3.0.0/toolchain/bin/../lib/gcc/arm-none-eabi/4.8.4/../../../../arm-none-eabi/lib/armv6-m\libnosys.a(write.o)
                0x00004b2c                _write
 .text._exit    0x00004b3c        0x4 d:/freescale/kds_3.0.0/toolchain/bin/../lib/gcc/arm-none-eabi/4.8.4/../../../../arm-none-eabi/lib/armv6-m\libnosys.a(_exit.o)
                0x00004b3c                _exit
 *(.rodata)
 .rodata        0x00004b40       0x5c ./Sources/gpio.o
 .rodata        0x00004b9c       0x5c ./Sources/i2c.o
 .rodata        0x00004bf8       0xb8 ./Sources/main.o
 .rodata        0x00004cb0      0x1a8 ./SDK/platform/system/src/clock/MKL02Z4/fsl_clock_MKL02Z4.o
 .rodata        0x00004e58       0x64 ./SDK/platform/osa/src/fsl_os_abstraction_bm.o
 .rodata        0x00004ebc       0x48 ./SDK/platform/hal/src/i2c/fsl_i2c_hal.o
 .rodata        0x00004f04       0x38 ./SDK/platform/hal/src/gpio/fsl_gpio_hal.o
 .rodata        0x00004f3c      0x110 ./SDK/platform/drivers/src/i2c/fsl_i2c_master_driver.o
 .rodata        0x0000504c       0x5c ./SDK/platform/drivers/src/i2c/fsl_i2c_shared_function.o
 .rodata        0x000050a8      0x108 ./SDK/platform/drivers/src/i2c/fsl_i2c_slave_driver.o
 .rodata        0x000051b0       0x2c ./Generated_Code/osa1.o
 .rodata        0x000051dc       0x5c ./Generated_Code/pin_mux.o
 *(.rodata*)
 .rodata.__func__.4896
                0x00005238       0x18 ./Sources/gpio.o
 .rodata.ParserGPRMC
                0x00005250       0x54 ./Sources/gps.o
 .rodata.ParserGPGSA
                0x000052a4       0x44 ./Sources/gps.o
 .rodata.ParserGPGSV
                0x000052e8       0x4c ./Sources/gps.o
 .rodata.i2c_slave_callback
                0x00005334      0x190 ./Sources/i2c.o
 .rodata.__func__.5098
                0x000054c4       0x14 ./Sources/i2c.o
 .rodata.__func__.5819
                0x000054d8       0x14 ./Sources/main.o
 .rodata.__func__.6117
                0x000054ec       0x18 ./Sources/main.o
 .rodata.__func__.6088
                0x00005504       0x18 ./Sources/main.o
 .rodata.__func__.6083
                0x0000551c       0x18 ./Sources/main.o
 .rodata.i2cGateTable
                0x00005534        0x4 ./SDK/platform/system/src/clock/MKL02Z4/fsl_clock_MKL02Z4.o
 .rodata.__func__.5914
                0x00005538       0x1c ./SDK/platform/system/src/clock/MKL02Z4/fsl_clock_MKL02Z4.o
 .rodata.__func__.5935
                0x00005554       0x1c ./SDK/platform/system/src/clock/MKL02Z4/fsl_clock_MKL02Z4.o
 .rodata.g_oscBase
                0x00005570        0x4 ./SDK/platform/system/src/clock/fsl_clock_manager_common.o
                0x00005570                g_oscBase
 .rodata.__func__.5969
                0x00005574       0x10 ./SDK/platform/osa/src/fsl_os_abstraction_bm.o
 .rodata.__func__.5996
                0x00005584       0x10 ./SDK/platform/osa/src/fsl_os_abstraction_bm.o
 .rodata.__func__.6015
                0x00005594       0x10 ./SDK/platform/osa/src/fsl_os_abstraction_bm.o
 .rodata.fllFactorTable.5089
                0x000055a4       0x10 ./SDK/platform/hal/src/mcg/fsl_mcg_hal.o
 .rodata.__func__.5089
                0x000055b4       0x14 ./SDK/platform/hal/src/i2c/fsl_i2c_hal.o
 .rodata.__func__.5004
                0x000055c8       0x14 ./SDK/platform/hal/src/gpio/fsl_gpio_hal.o
 .rodata.g_i2cBase
                0x000055dc        0x8 ./SDK/platform/drivers/src/i2c/fsl_i2c_common.o
                0x000055dc                g_i2cBase
 .rodata.g_i2cIrqId
                0x000055e4        0x4 ./SDK/platform/drivers/src/i2c/fsl_i2c_common.o
                0x000055e4                g_i2cIrqId
 .rodata.__func__.6407
                0x000055e8       0x1c ./SDK/platform/drivers/src/i2c/fsl_i2c_master_driver.o
 .rodata.__func__.6427
                0x00005604       0x1c ./SDK/platform/drivers/src/i2c/fsl_i2c_master_driver.o
 .rodata.__func__.5069
                0x00005620       0x14 ./SDK/platform/drivers/src/i2c/fsl_i2c_shared_function.o
 .rodata.__func__.6317
                0x00005634       0x14 ./SDK/platform/drivers/src/i2c/fsl_i2c_slave_driver.o
 .rodata.__func__.6303
                0x00005648       0x14 ./SDK/platform/drivers/src/i2c/fsl_i2c_slave_driver.o
 .rodata.__func__.6397
                0x0000565c       0x18 ./SDK/platform/drivers/src/i2c/fsl_i2c_slave_driver.o
 .rodata.__func__.6818
                0x00005674       0x10 ./Generated_Code/osa1.o
 .rodata.__func__.4914
                0x00005684       0x14 ./Generated_Code/pin_mux.o
 .rodata.str1.1
                0x00005698       0x3c d:/freescale/kds_3.0.0/toolchain/bin/../lib/gcc/arm-none-eabi/4.8.4/../../../../arm-none-eabi/lib/armv6-m\libg_s.a(lib_a-assert.o)
                                 0x3d (size before relaxing)
 .rodata.str1.1
                0x000056d4        0x2 d:/freescale/kds_3.0.0/toolchain/bin/../lib/gcc/arm-none-eabi/4.8.4/../../../../arm-none-eabi/lib/armv6-m\libg_s.a(lib_a-impure.o)
 *fill*         0x000056d6        0x2 
 .rodata._global_impure_ptr
                0x000056d8        0x4 d:/freescale/kds_3.0.0/toolchain/bin/../lib/gcc/arm-none-eabi/4.8.4/../../../../arm-none-eabi/lib/armv6-m\libg_s.a(lib_a-impure.o)
                0x000056d8                _global_impure_ptr
 .rodata.str1.1
                0x000056dc       0x11 d:/freescale/kds_3.0.0/toolchain/bin/../lib/gcc/arm-none-eabi/4.8.4/../../../../arm-none-eabi/lib/armv6-m\libg_s.a(lib_a-vfprintf.o)
 .rodata.str1.1
                0x000056ed       0x22 d:/freescale/kds_3.0.0/toolchain/bin/../lib/gcc/arm-none-eabi/4.8.4/../../../../arm-none-eabi/lib/armv6-m\libg_s.a(lib_a-vfprintf_i.o)
 *fill*         0x0000570f        0x1 
 .rodata.__sf_fake_stdin
                0x00005710       0x20 d:/freescale/kds_3.0.0/toolchain/bin/../lib/gcc/arm-none-eabi/4.8.4/../../../../arm-none-eabi/lib/armv6-m\libg_s.a(lib_a-findfp.o)
                0x00005710                __sf_fake_stdin
 .rodata.__sf_fake_stdout
                0x00005730       0x20 d:/freescale/kds_3.0.0/toolchain/bin/../lib/gcc/arm-none-eabi/4.8.4/../../../../arm-none-eabi/lib/armv6-m\libg_s.a(lib_a-findfp.o)
                0x00005730                __sf_fake_stdout
 .rodata.__sf_fake_stderr
                0x00005750       0x20 d:/freescale/kds_3.0.0/toolchain/bin/../lib/gcc/arm-none-eabi/4.8.4/../../../../arm-none-eabi/lib/armv6-m\libg_s.a(lib_a-findfp.o)
                0x00005750                __sf_fake_stderr
 *(.glue_7)
 .glue_7        0x00000000        0x0 linker stubs
 *(.glue_7t)
 .glue_7t       0x00000000        0x0 linker stubs
 *(.eh_frame)
 .eh_frame      0x00005770        0x0 d:/freescale/kds_3.0.0/toolchain/bin/../lib/gcc/arm-none-eabi/4.8.4/armv6-m/crtbegin.o
 *(.init)
 .init          0x00005770        0x4 d:/freescale/kds_3.0.0/toolchain/bin/../lib/gcc/arm-none-eabi/4.8.4/armv6-m/crti.o
                0x00005770                _init
 .init          0x00005774        0x8 d:/freescale/kds_3.0.0/toolchain/bin/../lib/gcc/arm-none-eabi/4.8.4/armv6-m/crtn.o
 *(.fini)
 .fini          0x0000577c        0x4 d:/freescale/kds_3.0.0/toolchain/bin/../lib/gcc/arm-none-eabi/4.8.4/armv6-m/crti.o
                0x0000577c                _fini
 .fini          0x00005780        0x8 d:/freescale/kds_3.0.0/toolchain/bin/../lib/gcc/arm-none-eabi/4.8.4/armv6-m/crtn.o
                0x00005788                . = ALIGN (0x4)

.vfp11_veneer   0x00005788        0x0
 .vfp11_veneer  0x00000000        0x0 linker stubs

.v4_bx          0x00005788        0x0
 .v4_bx         0x00000000        0x0 linker stubs

.iplt           0x00005788        0x0
 .iplt          0x00000000        0x0 d:/freescale/kds_3.0.0/toolchain/bin/../lib/gcc/arm-none-eabi/4.8.4/armv6-m/crtbegin.o

.ARM.extab
 *(.ARM.extab* .gnu.linkonce.armextab.*)

.ARM            0x00005788        0x8
                0x00005788                __exidx_start = .
 *(.ARM.exidx*)
 .ARM.exidx     0x00005788        0x8 d:/freescale/kds_3.0.0/toolchain/bin/../lib/gcc/arm-none-eabi/4.8.4/../../../../arm-none-eabi/lib/armv6-m/crt0.o
 .ARM.exidx     0x00005790        0x0 d:/freescale/kds_3.0.0/toolchain/bin/../lib/gcc/arm-none-eabi/4.8.4/armv6-m\libgcc.a(_divdi3.o)
                                  0x8 (size before relaxing)
 .ARM.exidx     0x00005790        0x0 d:/freescale/kds_3.0.0/toolchain/bin/../lib/gcc/arm-none-eabi/4.8.4/armv6-m\libgcc.a(_udivdi3.o)
                                  0x8 (size before relaxing)
                0x00005790                __exidx_end = .

.rel.dyn        0x00005790        0x0
 .rel.iplt      0x00000000        0x0 d:/freescale/kds_3.0.0/toolchain/bin/../lib/gcc/arm-none-eabi/4.8.4/armv6-m/crtbegin.o

.ctors          0x00005790        0x0
                0x00005790                __CTOR_LIST__ = .
 *crtbegin.o(.ctors)
 *crtbegin?.o(.ctors)
 *(EXCLUDE_FILE(*crtend.o *crtend?.o) .ctors)
 *(SORT(.ctors.*))
 *(.ctors)
                0x00005790                __CTOR_END__ = .

.dtors          0x00005790        0x0
                0x00005790                __DTOR_LIST__ = .
 *crtbegin.o(.dtors)
 *crtbegin?.o(.dtors)
 *(EXCLUDE_FILE(*crtend.o *crtend?.o) .dtors)
 *(SORT(.dtors.*))
 *(.dtors)
                0x00005790                __DTOR_END__ = .

.preinit_array  0x00005790        0x0
                0x00005790                PROVIDE (__preinit_array_start, .)
 *(.preinit_array*)
                0x00005790                PROVIDE (__preinit_array_end, .)

.init_array     0x00005790        0x4
                0x00005790                PROVIDE (__init_array_start, .)
 *(SORT(.init_array.*))
 *(.init_array*)
 .init_array    0x00005790        0x4 d:/freescale/kds_3.0.0/toolchain/bin/../lib/gcc/arm-none-eabi/4.8.4/armv6-m/crtbegin.o
                0x00005794                PROVIDE (__init_array_end, .)

.fini_array     0x00005794        0x4
                0x00005794                PROVIDE (__fini_array_start, .)
 *(SORT(.fini_array.*))
 *(.fini_array*)
 .fini_array    0x00005794        0x4 d:/freescale/kds_3.0.0/toolchain/bin/../lib/gcc/arm-none-eabi/4.8.4/armv6-m/crtbegin.o
                0x00005798                PROVIDE (__fini_array_end, .)
                0x00005798                __etext = .
                0x00005798                __DATA_ROM = .

.mtb            0x1ffffe00        0x0
                0x1ffffe00                . = ALIGN (0x8)
                0x1ffffe00                _mtb_start = .
 *(.mtb_buf)
                0x1ffffe00                . = ALIGN (0x8)
                0x1ffffe00                _mtb_end = .

.data           0x1ffffe00       0x7c load address 0x00005798
                0x1ffffe00                . = ALIGN (0x4)
                0x1ffffe00                __DATA_RAM = .
                0x1ffffe00                __data_start__ = .
 *(.data)
 *(.data*)
 .data.NMEA_CMD_Buff
                0x1ffffe00        0x8 ./Sources/gps.o
 .data.RegScanData
                0x1ffffe08        0x4 ./Sources/i2c.o
                0x1ffffe08                RegScanData
 .data.g_fastInternalRefClkFreq
                0x1ffffe0c        0x4 ./SDK/platform/hal/src/mcg/fsl_mcg_hal.o
                0x1ffffe0c                g_fastInternalRefClkFreq
 .data.g_slowInternalRefClkFreq
                0x1ffffe10        0x4 ./SDK/platform/hal/src/mcg/fsl_mcg_hal.o
                0x1ffffe10                g_slowInternalRefClkFreq
 .data.impure_data
                0x1ffffe14       0x60 d:/freescale/kds_3.0.0/toolchain/bin/../lib/gcc/arm-none-eabi/4.8.4/../../../../arm-none-eabi/lib/armv6-m\libg_s.a(lib_a-impure.o)
 .data._impure_ptr
                0x1ffffe74        0x4 d:/freescale/kds_3.0.0/toolchain/bin/../lib/gcc/arm-none-eabi/4.8.4/../../../../arm-none-eabi/lib/armv6-m\libg_s.a(lib_a-impure.o)
                0x1ffffe74                _impure_ptr
 *(.jcr*)
 .jcr           0x1ffffe78        0x0 d:/freescale/kds_3.0.0/toolchain/bin/../lib/gcc/arm-none-eabi/4.8.4/armv6-m/crtbegin.o
 .jcr           0x1ffffe78        0x4 d:/freescale/kds_3.0.0/toolchain/bin/../lib/gcc/arm-none-eabi/4.8.4/armv6-m/crtend.o
                0x1ffffe7c                . = ALIGN (0x4)
                0x1ffffe7c                __data_end__ = .
                0x00005814                __DATA_END = (__DATA_ROM + (__data_end__ - __data_start__))
                0x00005814                __m_interrupts_ram_ROMStart = (__DATA_ROM + SIZEOF (.data))

.igot.plt       0x1ffffe7c        0x0 load address 0x00005814
 .igot.plt      0x00000000        0x0 d:/freescale/kds_3.0.0/toolchain/bin/../lib/gcc/arm-none-eabi/4.8.4/armv6-m/crtbegin.o

.m_interrupts_ram
                0x1ffffc00      0x200 load address 0x00005814
                0x1ffffc00                . = ALIGN (0x4)
                0x1ffffc00                __m_interrupts_ram_RAMStart = .
 *(.m_interrupts_ram)
                0x1ffffe00                . = (. + 0x200)
 *fill*         0x1ffffc00      0x200 
                0x1ffffe00                __m_interrupts_ram_RAMEnd = .
                0x1ffffe00                . = ALIGN (0x4)
                0x00000200                __m_interrupts_ram_ROMSize = (__m_interrupts_ram_RAMEnd - __m_interrupts_ram_RAMStart)
                0x00000200                __RAM_VECTOR_TABLE_SIZE_BYTES = (__m_interrupts_ram_RAMEnd - __m_interrupts_ram_RAMStart)

.bss            0x1ffffe7c      0x1a4 load address 0x00005814
                0x1ffffe7c                . = ALIGN (0x4)
                0x1ffffe7c                __START_BSS = .
                0x1ffffe7c                __bss_start__ = .
 *(.bss)
 .bss           0x1ffffe7c       0x1c d:/freescale/kds_3.0.0/toolchain/bin/../lib/gcc/arm-none-eabi/4.8.4/armv6-m/crtbegin.o
 *(.bss*)
 .bss.NMEA_CMD  0x1ffffe98        0x1 ./Sources/gps.o
 .bss.NMEA_CMD_Index
                0x1ffffe99        0x1 ./Sources/gps.o
 .bss.NMEA_CMD_Parsered
                0x1ffffe9a        0x1 ./Sources/gps.o
 .bss.NMEA_DAT_Block
                0x1ffffe9b        0x1 ./Sources/gps.o
 .bss.NMEA_DAT_BlockIndex
                0x1ffffe9c        0x1 ./Sources/gps.o
 .bss.NMEA_CMD_Start
                0x1ffffe9d        0x1 ./Sources/gps.o
 .bss.ReciveFlag
                0x1ffffe9e        0x1 ./Sources/gps.o
 .bss.ucTempA   0x1ffffe9f        0x1 ./Sources/gps.o
 .bss.SateInfoIndex
                0x1ffffea0        0x1 ./Sources/gps.o
 *fill*         0x1ffffea1        0x3 
 .bss.TxBuff    0x1ffffea4       0x14 ./Sources/i2c.o
                0x1ffffea4                TxBuff
 .bss.RxBuff    0x1ffffeb8       0x14 ./Sources/i2c.o
                0x1ffffeb8                RxBuff
 .bss.i2c_send_count
                0x1ffffecc        0x1 ./Sources/i2c.o
                0x1ffffecc                i2c_send_count
 .bss.i2c_comand
                0x1ffffecd        0x1 ./Sources/i2c.o
                0x1ffffecd                i2c_comand
 .bss.sys_gpio_test
                0x1ffffece        0x1 ./Sources/main.o
                0x1ffffece                sys_gpio_test
 .bss.SBUF      0x1ffffecf        0x1 ./Sources/uart.o
                0x1ffffecf                SBUF
 .bss.g_interruptDisableCount
                0x1ffffed0        0x4 ./SDK/platform/system/src/interrupt/fsl_interrupt_manager.o
                0x1ffffed0                g_interruptDisableCount
 .bss.g_taskControlBlockPool
                0x1ffffed4       0x50 ./SDK/platform/osa/src/fsl_os_abstraction_bm.o
 .bss.g_freeTaskControlBlock
                0x1fffff24        0x4 ./SDK/platform/osa/src/fsl_os_abstraction_bm.o
 .bss.g_taskListHead
                0x1fffff28       0x10 ./SDK/platform/osa/src/fsl_os_abstraction_bm.o
 .bss.g_i2cStatePtr
                0x1fffff38        0x8 ./SDK/platform/drivers/src/i2c/fsl_i2c_common.o
                0x1fffff38                g_i2cStatePtr
 .bss.SwTimerIsrCounter
                0x1fffff40        0x2 ./Generated_Code/osa1.o
 *fill*         0x1fffff42        0x2 
 .bss.__malloc_sbrk_start
                0x1fffff44        0x4 d:/freescale/kds_3.0.0/toolchain/bin/../lib/gcc/arm-none-eabi/4.8.4/../../../../arm-none-eabi/lib/armv6-m\libg_s.a(lib_a-nano-mallocr.o)
                0x1fffff44                __malloc_sbrk_start
 .bss.__malloc_free_list
                0x1fffff48        0x4 d:/freescale/kds_3.0.0/toolchain/bin/../lib/gcc/arm-none-eabi/4.8.4/../../../../arm-none-eabi/lib/armv6-m\libg_s.a(lib_a-nano-mallocr.o)
                0x1fffff48                __malloc_free_list
 .bss.heap_end.4246
                0x1fffff4c        0x4 d:/freescale/kds_3.0.0/toolchain/bin/../lib/gcc/arm-none-eabi/4.8.4/../../../../arm-none-eabi/lib/armv6-m\libnosys.a(sbrk.o)
 *(COMMON)
 COMMON         0x1fffff50       0x69 ./Sources/gps.o
                0x1fffff50                GPS_GGA_Data
                0x1fffff5c                GPS_RMC_Data
                0x1fffff84                GPS_GSA_Data
                0x1fffffa0                GPS_GSV_Data
 *fill*         0x1fffffb9        0x3 
 COMMON         0x1fffffbc       0x58 ./Sources/i2c.o
                0x1fffffbc                userConfig
                0x1fffffcc                callParam
                0x1fffffdc                slave
 COMMON         0x20000014        0x8 ./SDK/platform/hal/src/mcg/fsl_mcg_hal.o
                0x20000014                g_xtal0ClkFreq
                0x20000018                g_xtalRtcClkFreq
 COMMON         0x2000001c        0x4 d:/freescale/kds_3.0.0/toolchain/bin/../lib/gcc/arm-none-eabi/4.8.4/../../../../arm-none-eabi/lib/armv6-m\libg_s.a(lib_a-reent.o)
                0x2000001c                errno
                0x20000020                . = ALIGN (0x4)
                0x20000020                __bss_end__ = .
                0x20000020                __END_BSS = .

.heap           0x20000020        0x0
                0x20000020                . = ALIGN (0x8)
                0x20000020                __end__ = .
                0x20000020                PROVIDE (end, .)
                0x20000020                __HeapBase = .
                0x20000020                . = (. + HEAP_SIZE)
                0x20000020                __HeapLimit = .

.stack          0x20000020      0x100 load address 0x000059b8
                0x20000020                . = ALIGN (0x8)
                0x20000120                . = (. + STACK_SIZE)
 *fill*         0x20000020      0x100 
                0x20000c00                __StackTop = (ORIGIN (m_data) + 0xe00)
                0x20000b00                __StackLimit = (__StackTop - STACK_SIZE)
                0x20000c00                PROVIDE (__stack, __StackTop)

.ARM.attributes
                0x00000000       0x28
 *(.ARM.attributes)
 .ARM.attributes
                0x00000000       0x1e d:/freescale/kds_3.0.0/toolchain/bin/../lib/gcc/arm-none-eabi/4.8.4/armv6-m/crti.o
 .ARM.attributes
                0x0000001e       0x2c d:/freescale/kds_3.0.0/toolchain/bin/../lib/gcc/arm-none-eabi/4.8.4/armv6-m/crtbegin.o
 .ARM.attributes
                0x0000004a       0x1b d:/freescale/kds_3.0.0/toolchain/bin/../lib/gcc/arm-none-eabi/4.8.4/../../../../arm-none-eabi/lib/armv6-m/crt0.o
 .ARM.attributes
                0x00000065       0x32 ./Static_Code/System/PE_low_level_init.o
 .ARM.attributes
                0x00000097       0x32 ./Sources/Events.o
 .ARM.attributes
                0x000000c9       0x32 ./Sources/delay.o
 .ARM.attributes
                0x000000fb       0x32 ./Sources/gpio.o
 .ARM.attributes
                0x0000012d       0x32 ./Sources/gps.o
 .ARM.attributes
                0x0000015f       0x32 ./Sources/i2c.o
 .ARM.attributes
                0x00000191       0x32 ./Sources/main.o
 .ARM.attributes
                0x000001c3       0x32 ./Sources/uart.o
 .ARM.attributes
                0x000001f5       0x32 ./SDK/platform/system/src/interrupt/fsl_interrupt_manager.o
 .ARM.attributes
                0x00000227       0x32 ./SDK/platform/system/src/clock/MKL02Z4/fsl_clock_MKL02Z4.o
 .ARM.attributes
                0x00000259       0x32 ./SDK/platform/system/src/clock/fsl_clock_manager.o
 .ARM.attributes
                0x0000028b       0x32 ./SDK/platform/system/src/clock/fsl_clock_manager_common.o
 .ARM.attributes
                0x000002bd       0x32 ./SDK/platform/osa/src/fsl_os_abstraction_bm.o
 .ARM.attributes
                0x000002ef       0x32 ./SDK/platform/hal/src/mcg/fsl_mcg_hal.o
 .ARM.attributes
                0x00000321       0x32 ./SDK/platform/hal/src/lpsci/fsl_lpsci_hal.o
 .ARM.attributes
                0x00000353       0x32 ./SDK/platform/hal/src/i2c/fsl_i2c_hal.o
 .ARM.attributes
                0x00000385       0x32 ./SDK/platform/hal/src/gpio/fsl_gpio_hal.o
 .ARM.attributes
                0x000003b7       0x32 ./SDK/platform/drivers/src/i2c/fsl_i2c_common.o
 .ARM.attributes
                0x000003e9       0x32 ./SDK/platform/drivers/src/i2c/fsl_i2c_master_driver.o
 .ARM.attributes
                0x0000041b       0x32 ./SDK/platform/drivers/src/i2c/fsl_i2c_shared_function.o
 .ARM.attributes
                0x0000044d       0x32 ./SDK/platform/drivers/src/i2c/fsl_i2c_slave_driver.o
 .ARM.attributes
                0x0000047f       0x1b ./SDK/platform/devices/MKL02Z4/startup/gcc/startup_MKL02Z4.o
 .ARM.attributes
                0x0000049a       0x32 ./SDK/platform/devices/MKL02Z4/startup/system_MKL02Z4.o
 .ARM.attributes
                0x000004cc       0x32 ./SDK/platform/devices/startup.o
 .ARM.attributes
                0x000004fe       0x32 ./Generated_Code/Cpu.o
 .ARM.attributes
                0x00000530       0x32 ./Generated_Code/hardware_init.o
 .ARM.attributes
                0x00000562       0x32 ./Generated_Code/osa1.o
 .ARM.attributes
                0x00000594       0x32 ./Generated_Code/pin_mux.o
 .ARM.attributes
                0x000005c6       0x1e d:/freescale/kds_3.0.0/toolchain/bin/../lib/gcc/arm-none-eabi/4.8.4/armv6-m\libgcc.a(_udivsi3.o)
 .ARM.attributes
                0x000005e4       0x1e d:/freescale/kds_3.0.0/toolchain/bin/../lib/gcc/arm-none-eabi/4.8.4/armv6-m\libgcc.a(_dvmd_tls.o)
 .ARM.attributes
                0x00000602       0x1e d:/freescale/kds_3.0.0/toolchain/bin/../lib/gcc/arm-none-eabi/4.8.4/armv6-m\libgcc.a(_aeabi_uldivmod.o)
 .ARM.attributes
                0x00000620       0x2c d:/freescale/kds_3.0.0/toolchain/bin/../lib/gcc/arm-none-eabi/4.8.4/armv6-m\libgcc.a(_muldi3.o)
 .ARM.attributes
                0x0000064c       0x2c d:/freescale/kds_3.0.0/toolchain/bin/../lib/gcc/arm-none-eabi/4.8.4/armv6-m\libgcc.a(bpabi.o)
 .ARM.attributes
                0x00000678       0x2c d:/freescale/kds_3.0.0/toolchain/bin/../lib/gcc/arm-none-eabi/4.8.4/armv6-m\libgcc.a(_divdi3.o)
 .ARM.attributes
                0x000006a4       0x2c d:/freescale/kds_3.0.0/toolchain/bin/../lib/gcc/arm-none-eabi/4.8.4/armv6-m\libgcc.a(_udivdi3.o)
 .ARM.attributes
                0x000006d0       0x1e d:/freescale/kds_3.0.0/toolchain/bin/../lib/gcc/arm-none-eabi/4.8.4/armv6-m\libgcc.a(_clzsi2.o)
 .ARM.attributes
                0x000006ee       0x2c d:/freescale/kds_3.0.0/toolchain/bin/../lib/gcc/arm-none-eabi/4.8.4/../../../../arm-none-eabi/lib/armv6-m\libg_s.a(lib_a-assert.o)
 .ARM.attributes
                0x0000071a       0x2c d:/freescale/kds_3.0.0/toolchain/bin/../lib/gcc/arm-none-eabi/4.8.4/../../../../arm-none-eabi/lib/armv6-m\libg_s.a(lib_a-exit.o)
 .ARM.attributes
                0x00000746       0x2c d:/freescale/kds_3.0.0/toolchain/bin/../lib/gcc/arm-none-eabi/4.8.4/../../../../arm-none-eabi/lib/armv6-m\libg_s.a(lib_a-fprintf.o)
 .ARM.attributes
                0x00000772       0x2c d:/freescale/kds_3.0.0/toolchain/bin/../lib/gcc/arm-none-eabi/4.8.4/../../../../arm-none-eabi/lib/armv6-m\libg_s.a(lib_a-impure.o)
 .ARM.attributes
                0x0000079e       0x2c d:/freescale/kds_3.0.0/toolchain/bin/../lib/gcc/arm-none-eabi/4.8.4/../../../../arm-none-eabi/lib/armv6-m\libg_s.a(lib_a-init.o)
 .ARM.attributes
                0x000007ca       0x2c d:/freescale/kds_3.0.0/toolchain/bin/../lib/gcc/arm-none-eabi/4.8.4/../../../../arm-none-eabi/lib/armv6-m\libg_s.a(lib_a-memset.o)
 .ARM.attributes
                0x000007f6       0x2c d:/freescale/kds_3.0.0/toolchain/bin/../lib/gcc/arm-none-eabi/4.8.4/../../../../arm-none-eabi/lib/armv6-m\libg_s.a(lib_a-nano-freer.o)
 .ARM.attributes
                0x00000822       0x2c d:/freescale/kds_3.0.0/toolchain/bin/../lib/gcc/arm-none-eabi/4.8.4/../../../../arm-none-eabi/lib/armv6-m\libg_s.a(lib_a-nano-mallocr.o)
 .ARM.attributes
                0x0000084e       0x2c d:/freescale/kds_3.0.0/toolchain/bin/../lib/gcc/arm-none-eabi/4.8.4/../../../../arm-none-eabi/lib/armv6-m\libg_s.a(lib_a-sbrkr.o)
 .ARM.attributes
                0x0000087a       0x2c d:/freescale/kds_3.0.0/toolchain/bin/../lib/gcc/arm-none-eabi/4.8.4/../../../../arm-none-eabi/lib/armv6-m\libg_s.a(lib_a-vfprintf.o)
 .ARM.attributes
                0x000008a6       0x2c d:/freescale/kds_3.0.0/toolchain/bin/../lib/gcc/arm-none-eabi/4.8.4/../../../../arm-none-eabi/lib/armv6-m\libg_s.a(lib_a-vfprintf_i.o)
 .ARM.attributes
                0x000008d2       0x2c d:/freescale/kds_3.0.0/toolchain/bin/../lib/gcc/arm-none-eabi/4.8.4/../../../../arm-none-eabi/lib/armv6-m\libg_s.a(lib_a-wbuf.o)
 .ARM.attributes
                0x000008fe       0x2c d:/freescale/kds_3.0.0/toolchain/bin/../lib/gcc/arm-none-eabi/4.8.4/../../../../arm-none-eabi/lib/armv6-m\libg_s.a(lib_a-wsetup.o)
 .ARM.attributes
                0x0000092a       0x2c d:/freescale/kds_3.0.0/toolchain/bin/../lib/gcc/arm-none-eabi/4.8.4/../../../../arm-none-eabi/lib/armv6-m\libg_s.a(lib_a-abort.o)
 .ARM.attributes
                0x00000956       0x2c d:/freescale/kds_3.0.0/toolchain/bin/../lib/gcc/arm-none-eabi/4.8.4/../../../../arm-none-eabi/lib/armv6-m\libg_s.a(lib_a-fflush.o)
 .ARM.attributes
                0x00000982       0x2c d:/freescale/kds_3.0.0/toolchain/bin/../lib/gcc/arm-none-eabi/4.8.4/../../../../arm-none-eabi/lib/armv6-m\libg_s.a(lib_a-findfp.o)
 .ARM.attributes
                0x000009ae       0x2c d:/freescale/kds_3.0.0/toolchain/bin/../lib/gcc/arm-none-eabi/4.8.4/../../../../arm-none-eabi/lib/armv6-m\libg_s.a(lib_a-makebuf.o)
 .ARM.attributes
                0x000009da       0x2c d:/freescale/kds_3.0.0/toolchain/bin/../lib/gcc/arm-none-eabi/4.8.4/../../../../arm-none-eabi/lib/armv6-m\libg_s.a(lib_a-memchr-stub.o)
 .ARM.attributes
                0x00000a06       0x2c d:/freescale/kds_3.0.0/toolchain/bin/../lib/gcc/arm-none-eabi/4.8.4/../../../../arm-none-eabi/lib/armv6-m\libg_s.a(lib_a-reent.o)
 .ARM.attributes
                0x00000a32       0x2c d:/freescale/kds_3.0.0/toolchain/bin/../lib/gcc/arm-none-eabi/4.8.4/../../../../arm-none-eabi/lib/armv6-m\libg_s.a(lib_a-signal.o)
 .ARM.attributes
                0x00000a5e       0x2c d:/freescale/kds_3.0.0/toolchain/bin/../lib/gcc/arm-none-eabi/4.8.4/../../../../arm-none-eabi/lib/armv6-m\libg_s.a(lib_a-signalr.o)
 .ARM.attributes
                0x00000a8a       0x2c d:/freescale/kds_3.0.0/toolchain/bin/../lib/gcc/arm-none-eabi/4.8.4/../../../../arm-none-eabi/lib/armv6-m\libg_s.a(lib_a-stdio.o)
 .ARM.attributes
                0x00000ab6       0x2c d:/freescale/kds_3.0.0/toolchain/bin/../lib/gcc/arm-none-eabi/4.8.4/../../../../arm-none-eabi/lib/armv6-m\libg_s.a(lib_a-strlen.o)
 .ARM.attributes
                0x00000ae2       0x2c d:/freescale/kds_3.0.0/toolchain/bin/../lib/gcc/arm-none-eabi/4.8.4/../../../../arm-none-eabi/lib/armv6-m\libg_s.a(lib_a-writer.o)
 .ARM.attributes
                0x00000b0e       0x2c d:/freescale/kds_3.0.0/toolchain/bin/../lib/gcc/arm-none-eabi/4.8.4/../../../../arm-none-eabi/lib/armv6-m\libg_s.a(lib_a-closer.o)
 .ARM.attributes
                0x00000b3a       0x2c d:/freescale/kds_3.0.0/toolchain/bin/../lib/gcc/arm-none-eabi/4.8.4/../../../../arm-none-eabi/lib/armv6-m\libg_s.a(lib_a-fstatr.o)
 .ARM.attributes
                0x00000b66       0x2c d:/freescale/kds_3.0.0/toolchain/bin/../lib/gcc/arm-none-eabi/4.8.4/../../../../arm-none-eabi/lib/armv6-m\libg_s.a(lib_a-isattyr.o)
 .ARM.attributes
                0x00000b92       0x2c d:/freescale/kds_3.0.0/toolchain/bin/../lib/gcc/arm-none-eabi/4.8.4/../../../../arm-none-eabi/lib/armv6-m\libg_s.a(lib_a-lseekr.o)
 .ARM.attributes
                0x00000bbe       0x2c d:/freescale/kds_3.0.0/toolchain/bin/../lib/gcc/arm-none-eabi/4.8.4/../../../../arm-none-eabi/lib/armv6-m\libg_s.a(lib_a-readr.o)
 .ARM.attributes
                0x00000bea       0x2c d:/freescale/kds_3.0.0/toolchain/bin/../lib/gcc/arm-none-eabi/4.8.4/../../../../arm-none-eabi/lib/armv6-m\libnosys.a(close.o)
 .ARM.attributes
                0x00000c16       0x2c d:/freescale/kds_3.0.0/toolchain/bin/../lib/gcc/arm-none-eabi/4.8.4/../../../../arm-none-eabi/lib/armv6-m\libnosys.a(fstat.o)
 .ARM.attributes
                0x00000c42       0x2c d:/freescale/kds_3.0.0/toolchain/bin/../lib/gcc/arm-none-eabi/4.8.4/../../../../arm-none-eabi/lib/armv6-m\libnosys.a(getpid.o)
 .ARM.attributes
                0x00000c6e       0x2c d:/freescale/kds_3.0.0/toolchain/bin/../lib/gcc/arm-none-eabi/4.8.4/../../../../arm-none-eabi/lib/armv6-m\libnosys.a(isatty.o)
 .ARM.attributes
                0x00000c9a       0x2c d:/freescale/kds_3.0.0/toolchain/bin/../lib/gcc/arm-none-eabi/4.8.4/../../../../arm-none-eabi/lib/armv6-m\libnosys.a(kill.o)
 .ARM.attributes
                0x00000cc6       0x2c d:/freescale/kds_3.0.0/toolchain/bin/../lib/gcc/arm-none-eabi/4.8.4/../../../../arm-none-eabi/lib/armv6-m\libnosys.a(lseek.o)
 .ARM.attributes
                0x00000cf2       0x2c d:/freescale/kds_3.0.0/toolchain/bin/../lib/gcc/arm-none-eabi/4.8.4/../../../../arm-none-eabi/lib/armv6-m\libnosys.a(read.o)
 .ARM.attributes
                0x00000d1e       0x2c d:/freescale/kds_3.0.0/toolchain/bin/../lib/gcc/arm-none-eabi/4.8.4/../../../../arm-none-eabi/lib/armv6-m\libnosys.a(sbrk.o)
 .ARM.attributes
                0x00000d4a       0x2c d:/freescale/kds_3.0.0/toolchain/bin/../lib/gcc/arm-none-eabi/4.8.4/../../../../arm-none-eabi/lib/armv6-m\libnosys.a(write.o)
 .ARM.attributes
                0x00000d76       0x2c d:/freescale/kds_3.0.0/toolchain/bin/../lib/gcc/arm-none-eabi/4.8.4/../../../../arm-none-eabi/lib/armv6-m\libnosys.a(_exit.o)
 .ARM.attributes
                0x00000da2       0x2c d:/freescale/kds_3.0.0/toolchain/bin/../lib/gcc/arm-none-eabi/4.8.4/armv6-m/crtend.o
 .ARM.attributes
                0x00000dce       0x1e d:/freescale/kds_3.0.0/toolchain/bin/../lib/gcc/arm-none-eabi/4.8.4/armv6-m/crtn.o
OUTPUT(xadow_phone_gps_v2.elf elf32-littlearm)

.debug_info     0x00000000     0xaff9
 .debug_info    0x00000000      0x18d ./Static_Code/System/PE_low_level_init.o
 .debug_info    0x0000018d      0x18d ./Sources/Events.o
 .debug_info    0x0000031a       0xcc ./Sources/delay.o
 .debug_info    0x000003e6      0x188 ./Sources/gpio.o
 .debug_info    0x0000056e      0x475 ./Sources/gps.o
 .debug_info    0x000009e3      0x925 ./Sources/i2c.o
 .debug_info    0x00001308      0x58d ./Sources/main.o
 .debug_info    0x00001895      0x5fe ./Sources/uart.o
 .debug_info    0x00001e93      0x290 ./SDK/platform/system/src/interrupt/fsl_interrupt_manager.o
 .debug_info    0x00002123     0x121f ./SDK/platform/system/src/clock/MKL02Z4/fsl_clock_MKL02Z4.o
 .debug_info    0x00003342      0xcff ./SDK/platform/system/src/clock/fsl_clock_manager.o
 .debug_info    0x00004041      0x3fd ./SDK/platform/system/src/clock/fsl_clock_manager_common.o
 .debug_info    0x0000443e      0xefd ./SDK/platform/osa/src/fsl_os_abstraction_bm.o
 .debug_info    0x0000533b      0x978 ./SDK/platform/hal/src/mcg/fsl_mcg_hal.o
 .debug_info    0x00005cb3      0x8dd ./SDK/platform/hal/src/lpsci/fsl_lpsci_hal.o
 .debug_info    0x00006590      0x88b ./SDK/platform/hal/src/i2c/fsl_i2c_hal.o
 .debug_info    0x00006e1b      0x2f0 ./SDK/platform/hal/src/gpio/fsl_gpio_hal.o
 .debug_info    0x0000710b      0x277 ./SDK/platform/drivers/src/i2c/fsl_i2c_common.o
 .debug_info    0x00007382     0x111b ./SDK/platform/drivers/src/i2c/fsl_i2c_master_driver.o
 .debug_info    0x0000849d      0x1e6 ./SDK/platform/drivers/src/i2c/fsl_i2c_shared_function.o
 .debug_info    0x00008683     0x109a ./SDK/platform/drivers/src/i2c/fsl_i2c_slave_driver.o
 .debug_info    0x0000971d       0x96 ./SDK/platform/devices/MKL02Z4/startup/gcc/startup_MKL02Z4.o
 .debug_info    0x000097b3      0x533 ./SDK/platform/devices/MKL02Z4/startup/system_MKL02Z4.o
 .debug_info    0x00009ce6      0x296 ./SDK/platform/devices/startup.o
 .debug_info    0x00009f7c      0x17c ./Generated_Code/Cpu.o
 .debug_info    0x0000a0f8      0x350 ./Generated_Code/hardware_init.o
 .debug_info    0x0000a448      0x5a6 ./Generated_Code/osa1.o
 .debug_info    0x0000a9ee      0x60b ./Generated_Code/pin_mux.o

.debug_abbrev   0x00000000     0x2770
 .debug_abbrev  0x00000000       0xb5 ./Static_Code/System/PE_low_level_init.o
 .debug_abbrev  0x000000b5       0xcd ./Sources/Events.o
 .debug_abbrev  0x00000182       0x79 ./Sources/delay.o
 .debug_abbrev  0x000001fb       0xff ./Sources/gpio.o
 .debug_abbrev  0x000002fa      0x149 ./Sources/gps.o
 .debug_abbrev  0x00000443      0x1eb ./Sources/i2c.o
 .debug_abbrev  0x0000062e      0x182 ./Sources/main.o
 .debug_abbrev  0x000007b0      0x189 ./Sources/uart.o
 .debug_abbrev  0x00000939      0x128 ./SDK/platform/system/src/interrupt/fsl_interrupt_manager.o
 .debug_abbrev  0x00000a61      0x29e ./SDK/platform/system/src/clock/MKL02Z4/fsl_clock_MKL02Z4.o
 .debug_abbrev  0x00000cff      0x24d ./SDK/platform/system/src/clock/fsl_clock_manager.o
 .debug_abbrev  0x00000f4c       0xde ./SDK/platform/system/src/clock/fsl_clock_manager_common.o
 .debug_abbrev  0x0000102a      0x21f ./SDK/platform/osa/src/fsl_os_abstraction_bm.o
 .debug_abbrev  0x00001249      0x22c ./SDK/platform/hal/src/mcg/fsl_mcg_hal.o
 .debug_abbrev  0x00001475      0x211 ./SDK/platform/hal/src/lpsci/fsl_lpsci_hal.o
 .debug_abbrev  0x00001686      0x226 ./SDK/platform/hal/src/i2c/fsl_i2c_hal.o
 .debug_abbrev  0x000018ac      0x11b ./SDK/platform/hal/src/gpio/fsl_gpio_hal.o
 .debug_abbrev  0x000019c7       0xb8 ./SDK/platform/drivers/src/i2c/fsl_i2c_common.o
 .debug_abbrev  0x00001a7f      0x295 ./SDK/platform/drivers/src/i2c/fsl_i2c_master_driver.o
 .debug_abbrev  0x00001d14      0x10b ./SDK/platform/drivers/src/i2c/fsl_i2c_shared_function.o
 .debug_abbrev  0x00001e1f      0x246 ./SDK/platform/drivers/src/i2c/fsl_i2c_slave_driver.o
 .debug_abbrev  0x00002065       0x14 ./SDK/platform/devices/MKL02Z4/startup/gcc/startup_MKL02Z4.o
 .debug_abbrev  0x00002079      0x109 ./SDK/platform/devices/MKL02Z4/startup/system_MKL02Z4.o
 .debug_abbrev  0x00002182       0xe9 ./SDK/platform/devices/startup.o
 .debug_abbrev  0x0000226b       0xb5 ./Generated_Code/Cpu.o
 .debug_abbrev  0x00002320      0x10c ./Generated_Code/hardware_init.o
 .debug_abbrev  0x0000242c      0x1d0 ./Generated_Code/osa1.o
 .debug_abbrev  0x000025fc      0x174 ./Generated_Code/pin_mux.o

.debug_aranges  0x00000000      0xbd8
 .debug_aranges
                0x00000000       0x28 ./Static_Code/System/PE_low_level_init.o
 .debug_aranges
                0x00000028       0x28 ./Sources/Events.o
 .debug_aranges
                0x00000050       0x28 ./Sources/delay.o
 .debug_aranges
                0x00000078       0x28 ./Sources/gpio.o
 .debug_aranges
                0x000000a0       0x58 ./Sources/gps.o
 .debug_aranges
                0x000000f8       0x38 ./Sources/i2c.o
 .debug_aranges
                0x00000130       0x48 ./Sources/main.o
 .debug_aranges
                0x00000178       0x50 ./Sources/uart.o
 .debug_aranges
                0x000001c8       0x30 ./SDK/platform/system/src/interrupt/fsl_interrupt_manager.o
 .debug_aranges
                0x000001f8      0x188 ./SDK/platform/system/src/clock/MKL02Z4/fsl_clock_MKL02Z4.o
 .debug_aranges
                0x00000380       0xb0 ./SDK/platform/system/src/clock/fsl_clock_manager.o
 .debug_aranges
                0x00000430       0x18 ./SDK/platform/system/src/clock/fsl_clock_manager_common.o
 .debug_aranges
                0x00000448      0x148 ./SDK/platform/osa/src/fsl_os_abstraction_bm.o
 .debug_aranges
                0x00000590       0xa8 ./SDK/platform/hal/src/mcg/fsl_mcg_hal.o
 .debug_aranges
                0x00000638       0xb8 ./SDK/platform/hal/src/lpsci/fsl_lpsci_hal.o
 .debug_aranges
                0x000006f0       0xc8 ./SDK/platform/hal/src/i2c/fsl_i2c_hal.o
 .debug_aranges
                0x000007b8       0x38 ./SDK/platform/hal/src/gpio/fsl_gpio_hal.o
 .debug_aranges
                0x000007f0       0x18 ./SDK/platform/drivers/src/i2c/fsl_i2c_common.o
 .debug_aranges
                0x00000808      0x118 ./SDK/platform/drivers/src/i2c/fsl_i2c_master_driver.o
 .debug_aranges
                0x00000920       0x28 ./SDK/platform/drivers/src/i2c/fsl_i2c_shared_function.o
 .debug_aranges
                0x00000948      0x118 ./SDK/platform/drivers/src/i2c/fsl_i2c_slave_driver.o
 .debug_aranges
                0x00000a60       0x20 ./SDK/platform/devices/MKL02Z4/startup/gcc/startup_MKL02Z4.o
 .debug_aranges
                0x00000a80       0x28 ./SDK/platform/devices/MKL02Z4/startup/system_MKL02Z4.o
 .debug_aranges
                0x00000aa8       0x20 ./SDK/platform/devices/startup.o
 .debug_aranges
                0x00000ac8       0x20 ./Generated_Code/Cpu.o
 .debug_aranges
                0x00000ae8       0x28 ./Generated_Code/hardware_init.o
 .debug_aranges
                0x00000b10       0x48 ./Generated_Code/osa1.o
 .debug_aranges
                0x00000b58       0x80 ./Generated_Code/pin_mux.o

.debug_ranges   0x00000000      0x9f8
 .debug_ranges  0x00000000       0x18 ./Static_Code/System/PE_low_level_init.o
 .debug_ranges  0x00000018       0x18 ./Sources/Events.o
 .debug_ranges  0x00000030       0x18 ./Sources/delay.o
 .debug_ranges  0x00000048       0x18 ./Sources/gpio.o
 .debug_ranges  0x00000060       0x48 ./Sources/gps.o
 .debug_ranges  0x000000a8       0x28 ./Sources/i2c.o
 .debug_ranges  0x000000d0       0x38 ./Sources/main.o
 .debug_ranges  0x00000108       0x40 ./Sources/uart.o
 .debug_ranges  0x00000148       0x20 ./SDK/platform/system/src/interrupt/fsl_interrupt_manager.o
 .debug_ranges  0x00000168      0x178 ./SDK/platform/system/src/clock/MKL02Z4/fsl_clock_MKL02Z4.o
 .debug_ranges  0x000002e0       0xa0 ./SDK/platform/system/src/clock/fsl_clock_manager.o
 .debug_ranges  0x00000380      0x138 ./SDK/platform/osa/src/fsl_os_abstraction_bm.o
 .debug_ranges  0x000004b8       0x98 ./SDK/platform/hal/src/mcg/fsl_mcg_hal.o
 .debug_ranges  0x00000550       0xa8 ./SDK/platform/hal/src/lpsci/fsl_lpsci_hal.o
 .debug_ranges  0x000005f8       0xb8 ./SDK/platform/hal/src/i2c/fsl_i2c_hal.o
 .debug_ranges  0x000006b0       0x28 ./SDK/platform/hal/src/gpio/fsl_gpio_hal.o
 .debug_ranges  0x000006d8      0x108 ./SDK/platform/drivers/src/i2c/fsl_i2c_master_driver.o
 .debug_ranges  0x000007e0       0x18 ./SDK/platform/drivers/src/i2c/fsl_i2c_shared_function.o
 .debug_ranges  0x000007f8      0x108 ./SDK/platform/drivers/src/i2c/fsl_i2c_slave_driver.o
 .debug_ranges  0x00000900       0x18 ./SDK/platform/devices/MKL02Z4/startup/system_MKL02Z4.o
 .debug_ranges  0x00000918       0x10 ./SDK/platform/devices/startup.o
 .debug_ranges  0x00000928       0x10 ./Generated_Code/Cpu.o
 .debug_ranges  0x00000938       0x18 ./Generated_Code/hardware_init.o
 .debug_ranges  0x00000950       0x38 ./Generated_Code/osa1.o
 .debug_ranges  0x00000988       0x70 ./Generated_Code/pin_mux.o

.debug_macro    0x00000000     0xe5c2
 .debug_macro   0x00000000      0x30d ./Static_Code/System/PE_low_level_init.o
 .debug_macro   0x0000030d      0x80e ./Static_Code/System/PE_low_level_init.o
 .debug_macro   0x00000b1b       0x11 ./Static_Code/System/PE_low_level_init.o
 .debug_macro   0x00000b2c       0x16 ./Static_Code/System/PE_low_level_init.o
 .debug_macro   0x00000b42       0x16 ./Static_Code/System/PE_low_level_init.o
 .debug_macro   0x00000b58       0x44 ./Static_Code/System/PE_low_level_init.o
 .debug_macro   0x00000b9c      0x209 ./Static_Code/System/PE_low_level_init.o
 .debug_macro   0x00000da5       0x39 ./Static_Code/System/PE_low_level_init.o
 .debug_macro   0x00000dde       0x3a ./Static_Code/System/PE_low_level_init.o
 .debug_macro   0x00000e18       0x1f ./Static_Code/System/PE_low_level_init.o
 .debug_macro   0x00000e37      0x250 ./Static_Code/System/PE_low_level_init.o
 .debug_macro   0x00001087       0x96 ./Static_Code/System/PE_low_level_init.o
 .debug_macro   0x0000111d     0x4b05 ./Static_Code/System/PE_low_level_init.o
 .debug_macro   0x00005c22       0x58 ./Static_Code/System/PE_low_level_init.o
 .debug_macro   0x00005c7a       0x35 ./Static_Code/System/PE_low_level_init.o
 .debug_macro   0x00005caf       0xa3 ./Static_Code/System/PE_low_level_init.o
 .debug_macro   0x00005d52       0x16 ./Static_Code/System/PE_low_level_init.o
 .debug_macro   0x00005d68      0x10e ./Static_Code/System/PE_low_level_init.o
 .debug_macro   0x00005e76       0x7f ./Static_Code/System/PE_low_level_init.o
 .debug_macro   0x00005ef5       0x52 ./Static_Code/System/PE_low_level_init.o
 .debug_macro   0x00005f47       0x16 ./Static_Code/System/PE_low_level_init.o
 .debug_macro   0x00005f5d       0x43 ./Static_Code/System/PE_low_level_init.o
 .debug_macro   0x00005fa0      0x180 ./Static_Code/System/PE_low_level_init.o
 .debug_macro   0x00006120       0x22 ./Static_Code/System/PE_low_level_init.o
 .debug_macro   0x00006142       0x7c ./Static_Code/System/PE_low_level_init.o
 .debug_macro   0x000061be     0x3d57 ./Static_Code/System/PE_low_level_init.o
 .debug_macro   0x00009f15      0xc29 ./Static_Code/System/PE_low_level_init.o
 .debug_macro   0x0000ab3e       0x22 ./Static_Code/System/PE_low_level_init.o
 .debug_macro   0x0000ab60       0x16 ./Static_Code/System/PE_low_level_init.o
 .debug_macro   0x0000ab76       0x10 ./Static_Code/System/PE_low_level_init.o
 .debug_macro   0x0000ab86       0x11 ./Static_Code/System/PE_low_level_init.o
 .debug_macro   0x0000ab97       0x10 ./Static_Code/System/PE_low_level_init.o
 .debug_macro   0x0000aba7       0x12 ./Static_Code/System/PE_low_level_init.o
 .debug_macro   0x0000abb9       0x10 ./Static_Code/System/PE_low_level_init.o
 .debug_macro   0x0000abc9       0x3e ./Static_Code/System/PE_low_level_init.o
 .debug_macro   0x0000ac07       0x12 ./Static_Code/System/PE_low_level_init.o
 .debug_macro   0x0000ac19       0x10 ./Static_Code/System/PE_low_level_init.o
 .debug_macro   0x0000ac29       0x22 ./Static_Code/System/PE_low_level_init.o
 .debug_macro   0x0000ac4b       0x10 ./Static_Code/System/PE_low_level_init.o
 .debug_macro   0x0000ac5b       0x1c ./Static_Code/System/PE_low_level_init.o
 .debug_macro   0x0000ac77      0x2f3 ./Sources/Events.o
 .debug_macro   0x0000af6a      0x111 ./Sources/delay.o
 .debug_macro   0x0000b07b      0x178 ./Sources/gpio.o
 .debug_macro   0x0000b1f3       0x4a ./Sources/gpio.o
 .debug_macro   0x0000b23d       0x4b ./Sources/gpio.o
 .debug_macro   0x0000b288       0x6c ./Sources/gps.o
 .debug_macro   0x0000b2f4       0xdc ./Sources/gps.o
 .debug_macro   0x0000b3d0      0x1eb ./Sources/i2c.o
 .debug_macro   0x0000b5bb      0x2a6 ./Sources/i2c.o
 .debug_macro   0x0000b861       0x10 ./Sources/i2c.o
 .debug_macro   0x0000b871       0x35 ./Sources/i2c.o
 .debug_macro   0x0000b8a6      0x20f ./Sources/i2c.o
 .debug_macro   0x0000bab5       0x82 ./Sources/i2c.o
 .debug_macro   0x0000bb37      0x31a ./Sources/main.o
 .debug_macro   0x0000be51      0x2df ./Sources/uart.o
 .debug_macro   0x0000c130      0x177 ./SDK/platform/system/src/interrupt/fsl_interrupt_manager.o
 .debug_macro   0x0000c2a7      0x1ec ./SDK/platform/system/src/clock/MKL02Z4/fsl_clock_MKL02Z4.o
 .debug_macro   0x0000c493      0x221 ./SDK/platform/system/src/clock/fsl_clock_manager.o
 .debug_macro   0x0000c6b4      0x1ee ./SDK/platform/system/src/clock/fsl_clock_manager_common.o
 .debug_macro   0x0000c8a2      0x218 ./SDK/platform/osa/src/fsl_os_abstraction_bm.o
 .debug_macro   0x0000caba      0x179 ./SDK/platform/hal/src/mcg/fsl_mcg_hal.o
 .debug_macro   0x0000cc33      0x174 ./SDK/platform/hal/src/lpsci/fsl_lpsci_hal.o
 .debug_macro   0x0000cda7      0x17c ./SDK/platform/hal/src/i2c/fsl_i2c_hal.o
 .debug_macro   0x0000cf23       0x34 ./SDK/platform/hal/src/i2c/fsl_i2c_hal.o
 .debug_macro   0x0000cf57      0x16e ./SDK/platform/hal/src/gpio/fsl_gpio_hal.o
 .debug_macro   0x0000d0c5      0x15d ./SDK/platform/drivers/src/i2c/fsl_i2c_common.o
 .debug_macro   0x0000d222      0x267 ./SDK/platform/drivers/src/i2c/fsl_i2c_master_driver.o
 .debug_macro   0x0000d489      0x166 ./SDK/platform/drivers/src/i2c/fsl_i2c_master_driver.o
 .debug_macro   0x0000d5ef      0x186 ./SDK/platform/drivers/src/i2c/fsl_i2c_shared_function.o
 .debug_macro   0x0000d775      0x267 ./SDK/platform/drivers/src/i2c/fsl_i2c_slave_driver.o
 .debug_macro   0x0000d9dc      0x158 ./SDK/platform/devices/MKL02Z4/startup/system_MKL02Z4.o
 .debug_macro   0x0000db34      0x167 ./SDK/platform/devices/startup.o
 .debug_macro   0x0000dc9b      0x306 ./Generated_Code/Cpu.o
 .debug_macro   0x0000dfa1      0x1b6 ./Generated_Code/hardware_init.o
 .debug_macro   0x0000e157      0x2c6 ./Generated_Code/osa1.o
 .debug_macro   0x0000e41d      0x1a5 ./Generated_Code/pin_mux.o

.debug_line     0x00000000     0xb585
 .debug_line    0x00000000      0x811 ./Static_Code/System/PE_low_level_init.o
 .debug_line    0x00000811      0x7a0 ./Sources/Events.o
 .debug_line    0x00000fb1      0x28f ./Sources/delay.o
 .debug_line    0x00001240      0x46b ./Sources/gpio.o
 .debug_line    0x000016ab      0x3be ./Sources/gps.o
 .debug_line    0x00001a69      0x730 ./Sources/i2c.o
 .debug_line    0x00002199      0x853 ./Sources/main.o
 .debug_line    0x000029ec      0x802 ./Sources/uart.o
 .debug_line    0x000031ee      0x4c6 ./SDK/platform/system/src/interrupt/fsl_interrupt_manager.o
 .debug_line    0x000036b4      0xa2d ./SDK/platform/system/src/clock/MKL02Z4/fsl_clock_MKL02Z4.o
 .debug_line    0x000040e1      0x898 ./SDK/platform/system/src/clock/fsl_clock_manager.o
 .debug_line    0x00004979      0x5b3 ./SDK/platform/system/src/clock/fsl_clock_manager_common.o
 .debug_line    0x00004f2c      0xa67 ./SDK/platform/osa/src/fsl_os_abstraction_bm.o
 .debug_line    0x00005993      0x65d ./SDK/platform/hal/src/mcg/fsl_mcg_hal.o
 .debug_line    0x00005ff0      0x6d2 ./SDK/platform/hal/src/lpsci/fsl_lpsci_hal.o
 .debug_line    0x000066c2      0x798 ./SDK/platform/hal/src/i2c/fsl_i2c_hal.o
 .debug_line    0x00006e5a      0x4a6 ./SDK/platform/hal/src/gpio/fsl_gpio_hal.o
 .debug_line    0x00007300      0x3e2 ./SDK/platform/drivers/src/i2c/fsl_i2c_common.o
 .debug_line    0x000076e2      0xb50 ./SDK/platform/drivers/src/i2c/fsl_i2c_master_driver.o
 .debug_line    0x00008232      0x4e5 ./SDK/platform/drivers/src/i2c/fsl_i2c_shared_function.o
 .debug_line    0x00008717      0xb56 ./SDK/platform/drivers/src/i2c/fsl_i2c_slave_driver.o
 .debug_line    0x0000926d       0x77 ./SDK/platform/devices/MKL02Z4/startup/gcc/startup_MKL02Z4.o
 .debug_line    0x000092e4      0x46c ./SDK/platform/devices/MKL02Z4/startup/system_MKL02Z4.o
 .debug_line    0x00009750      0x3bb ./SDK/platform/devices/startup.o
 .debug_line    0x00009b0b      0x7e8 ./Generated_Code/Cpu.o
 .debug_line    0x0000a2f3      0x4f8 ./Generated_Code/hardware_init.o
 .debug_line    0x0000a7eb      0x7ad ./Generated_Code/osa1.o
 .debug_line    0x0000af98      0x5ed ./Generated_Code/pin_mux.o

.debug_str      0x00000000    0x5bf80
 .debug_str     0x00000000    0x56508 ./Static_Code/System/PE_low_level_init.o
                              0x569d5 (size before relaxing)
 .debug_str     0x00056508       0x2e ./Sources/Events.o
                              0x5698d (size before relaxing)
 .debug_str     0x00056536       0x3e ./Sources/delay.o
                               0x46c4 (size before relaxing)
 .debug_str     0x00056574       0x9f ./Sources/gpio.o
                              0x5643c (size before relaxing)
 .debug_str     0x00056613      0x47d ./Sources/gps.o
                               0x32ed (size before relaxing)
 .debug_str     0x00056a90     0x143b ./Sources/i2c.o
                              0x57e6b (size before relaxing)
 .debug_str     0x00057ecb      0x233 ./Sources/main.o
                              0x56fac (size before relaxing)
 .debug_str     0x000580fe      0x31e ./Sources/uart.o
                              0x56c6c (size before relaxing)
 .debug_str     0x0005841c      0x2dd ./SDK/platform/system/src/interrupt/fsl_interrupt_manager.o
                              0x56692 (size before relaxing)
 .debug_str     0x000586f9      0xcd4 ./SDK/platform/system/src/clock/MKL02Z4/fsl_clock_MKL02Z4.o
                              0x57351 (size before relaxing)
 .debug_str     0x000593cd      0xa8f ./SDK/platform/system/src/clock/fsl_clock_manager.o
                              0x575d6 (size before relaxing)
 .debug_str     0x00059e5c       0x50 ./SDK/platform/system/src/clock/fsl_clock_manager_common.o
                              0x56623 (size before relaxing)
 .debug_str     0x00059eac      0x539 ./SDK/platform/osa/src/fsl_os_abstraction_bm.o
                              0x56fe8 (size before relaxing)
 .debug_str     0x0005a3e5      0x4d0 ./SDK/platform/hal/src/mcg/fsl_mcg_hal.o
                              0x56c08 (size before relaxing)
 .debug_str     0x0005a8b5      0x581 ./SDK/platform/hal/src/lpsci/fsl_lpsci_hal.o
                              0x56bcc (size before relaxing)
 .debug_str     0x0005ae36      0x59b ./SDK/platform/hal/src/i2c/fsl_i2c_hal.o
                              0x56b31 (size before relaxing)
 .debug_str     0x0005b3d1       0x80 ./SDK/platform/hal/src/gpio/fsl_gpio_hal.o
                              0x564c4 (size before relaxing)
 .debug_str     0x0005b451       0x4a ./SDK/platform/drivers/src/i2c/fsl_i2c_common.o
                              0x5652d (size before relaxing)
 .debug_str     0x0005b49b      0x3c7 ./SDK/platform/drivers/src/i2c/fsl_i2c_master_driver.o
                              0x5808c (size before relaxing)
 .debug_str     0x0005b862       0x4d ./SDK/platform/drivers/src/i2c/fsl_i2c_shared_function.o
                              0x5645e (size before relaxing)
 .debug_str     0x0005b8af      0x27b ./SDK/platform/drivers/src/i2c/fsl_i2c_slave_driver.o
                              0x58200 (size before relaxing)
 .debug_str     0x0005bb2a       0xc7 ./SDK/platform/devices/MKL02Z4/startup/system_MKL02Z4.o
                              0x564c4 (size before relaxing)
 .debug_str     0x0005bbf1      0x119 ./SDK/platform/devices/startup.o
                              0x563f2 (size before relaxing)
 .debug_str     0x0005bd0a       0x28 ./Generated_Code/Cpu.o
                              0x56987 (size before relaxing)
 .debug_str     0x0005bd32       0x30 ./Generated_Code/hardware_init.o
                              0x56698 (size before relaxing)
 .debug_str     0x0005bd62       0xe5 ./Generated_Code/osa1.o
                              0x56cea (size before relaxing)
 .debug_str     0x0005be47      0x139 ./Generated_Code/pin_mux.o
                              0x56740 (size before relaxing)

.comment        0x00000000       0x70
 .comment       0x00000000       0x70 ./Static_Code/System/PE_low_level_init.o
                                 0x71 (size before relaxing)
 .comment       0x00000000       0x71 ./Sources/Events.o
 .comment       0x00000000       0x71 ./Sources/delay.o
 .comment       0x00000000       0x71 ./Sources/gpio.o
 .comment       0x00000000       0x71 ./Sources/gps.o
 .comment       0x00000000       0x71 ./Sources/i2c.o
 .comment       0x00000000       0x71 ./Sources/main.o
 .comment       0x00000000       0x71 ./Sources/uart.o
 .comment       0x00000000       0x71 ./SDK/platform/system/src/interrupt/fsl_interrupt_manager.o
 .comment       0x00000000       0x71 ./SDK/platform/system/src/clock/MKL02Z4/fsl_clock_MKL02Z4.o
 .comment       0x00000000       0x71 ./SDK/platform/system/src/clock/fsl_clock_manager.o
 .comment       0x00000000       0x71 ./SDK/platform/system/src/clock/fsl_clock_manager_common.o
 .comment       0x00000000       0x71 ./SDK/platform/osa/src/fsl_os_abstraction_bm.o
 .comment       0x00000000       0x71 ./SDK/platform/hal/src/mcg/fsl_mcg_hal.o
 .comment       0x00000000       0x71 ./SDK/platform/hal/src/lpsci/fsl_lpsci_hal.o
 .comment       0x00000000       0x71 ./SDK/platform/hal/src/i2c/fsl_i2c_hal.o
 .comment       0x00000000       0x71 ./SDK/platform/hal/src/gpio/fsl_gpio_hal.o
 .comment       0x00000000       0x71 ./SDK/platform/drivers/src/i2c/fsl_i2c_common.o
 .comment       0x00000000       0x71 ./SDK/platform/drivers/src/i2c/fsl_i2c_master_driver.o
 .comment       0x00000000       0x71 ./SDK/platform/drivers/src/i2c/fsl_i2c_shared_function.o
 .comment       0x00000000       0x71 ./SDK/platform/drivers/src/i2c/fsl_i2c_slave_driver.o
 .comment       0x00000000       0x71 ./SDK/platform/devices/MKL02Z4/startup/system_MKL02Z4.o
 .comment       0x00000000       0x71 ./SDK/platform/devices/startup.o
 .comment       0x00000000       0x71 ./Generated_Code/Cpu.o
 .comment       0x00000000       0x71 ./Generated_Code/hardware_init.o
 .comment       0x00000000       0x71 ./Generated_Code/osa1.o
 .comment       0x00000000       0x71 ./Generated_Code/pin_mux.o

.debug_frame    0x00000000     0x3064
 .debug_frame   0x00000000       0x48 ./Static_Code/System/PE_low_level_init.o
 .debug_frame   0x00000048       0x48 ./Sources/Events.o
 .debug_frame   0x00000090       0x4c ./Sources/delay.o
 .debug_frame   0x000000dc       0x4c ./Sources/gpio.o
 .debug_frame   0x00000128       0xf8 ./Sources/gps.o
 .debug_frame   0x00000220       0x8c ./Sources/i2c.o
 .debug_frame   0x000002ac       0xc8 ./Sources/main.o
 .debug_frame   0x00000374       0xf0 ./Sources/uart.o
 .debug_frame   0x00000464       0x68 ./SDK/platform/system/src/interrupt/fsl_interrupt_manager.o
 .debug_frame   0x000004cc      0x5c0 ./SDK/platform/system/src/clock/MKL02Z4/fsl_clock_MKL02Z4.o
 .debug_frame   0x00000a8c      0x264 ./SDK/platform/system/src/clock/fsl_clock_manager.o
 .debug_frame   0x00000cf0      0x4b8 ./SDK/platform/osa/src/fsl_os_abstraction_bm.o
 .debug_frame   0x000011a8      0x250 ./SDK/platform/hal/src/mcg/fsl_mcg_hal.o
 .debug_frame   0x000013f8      0x290 ./SDK/platform/hal/src/lpsci/fsl_lpsci_hal.o
 .debug_frame   0x00001688      0x2d0 ./SDK/platform/hal/src/i2c/fsl_i2c_hal.o
 .debug_frame   0x00001958       0x90 ./SDK/platform/hal/src/gpio/fsl_gpio_hal.o
 .debug_frame   0x000019e8      0x410 ./SDK/platform/drivers/src/i2c/fsl_i2c_master_driver.o
 .debug_frame   0x00001df8       0x50 ./SDK/platform/drivers/src/i2c/fsl_i2c_shared_function.o
 .debug_frame   0x00001e48      0x410 ./SDK/platform/drivers/src/i2c/fsl_i2c_slave_driver.o
 .debug_frame   0x00002258       0x4c ./SDK/platform/devices/MKL02Z4/startup/system_MKL02Z4.o
 .debug_frame   0x000022a4       0x30 ./SDK/platform/devices/startup.o
 .debug_frame   0x000022d4       0x2c ./Generated_Code/Cpu.o
 .debug_frame   0x00002300       0x4c ./Generated_Code/hardware_init.o
 .debug_frame   0x0000234c       0xd0 ./Generated_Code/osa1.o
 .debug_frame   0x0000241c      0x1b0 ./Generated_Code/pin_mux.o
 .debug_frame   0x000025cc       0x20 d:/freescale/kds_3.0.0/toolchain/bin/../lib/gcc/arm-none-eabi/4.8.4/armv6-m\libgcc.a(_udivsi3.o)
 .debug_frame   0x000025ec       0x30 d:/freescale/kds_3.0.0/toolchain/bin/../lib/gcc/arm-none-eabi/4.8.4/armv6-m\libgcc.a(_muldi3.o)
 .debug_frame   0x0000261c       0x50 d:/freescale/kds_3.0.0/toolchain/bin/../lib/gcc/arm-none-eabi/4.8.4/armv6-m\libgcc.a(bpabi.o)
 .debug_frame   0x0000266c       0x3c d:/freescale/kds_3.0.0/toolchain/bin/../lib/gcc/arm-none-eabi/4.8.4/armv6-m\libgcc.a(_divdi3.o)
 .debug_frame   0x000026a8       0x3c d:/freescale/kds_3.0.0/toolchain/bin/../lib/gcc/arm-none-eabi/4.8.4/armv6-m\libgcc.a(_udivdi3.o)
 .debug_frame   0x000026e4       0x4c d:/freescale/kds_3.0.0/toolchain/bin/../lib/gcc/arm-none-eabi/4.8.4/../../../../arm-none-eabi/lib/armv6-m\libg_s.a(lib_a-assert.o)
 .debug_frame   0x00002730       0x28 d:/freescale/kds_3.0.0/toolchain/bin/../lib/gcc/arm-none-eabi/4.8.4/../../../../arm-none-eabi/lib/armv6-m\libg_s.a(lib_a-exit.o)
 .debug_frame   0x00002758       0x4c d:/freescale/kds_3.0.0/toolchain/bin/../lib/gcc/arm-none-eabi/4.8.4/../../../../arm-none-eabi/lib/armv6-m\libg_s.a(lib_a-fprintf.o)
 .debug_frame   0x000027a4       0x2c d:/freescale/kds_3.0.0/toolchain/bin/../lib/gcc/arm-none-eabi/4.8.4/../../../../arm-none-eabi/lib/armv6-m\libg_s.a(lib_a-init.o)
 .debug_frame   0x000027d0       0x20 d:/freescale/kds_3.0.0/toolchain/bin/../lib/gcc/arm-none-eabi/4.8.4/../../../../arm-none-eabi/lib/armv6-m\libg_s.a(lib_a-memset.o)
 .debug_frame   0x000027f0       0x2c d:/freescale/kds_3.0.0/toolchain/bin/../lib/gcc/arm-none-eabi/4.8.4/../../../../arm-none-eabi/lib/armv6-m\libg_s.a(lib_a-nano-freer.o)
 .debug_frame   0x0000281c       0x2c d:/freescale/kds_3.0.0/toolchain/bin/../lib/gcc/arm-none-eabi/4.8.4/../../../../arm-none-eabi/lib/armv6-m\libg_s.a(lib_a-nano-mallocr.o)
 .debug_frame   0x00002848       0x2c d:/freescale/kds_3.0.0/toolchain/bin/../lib/gcc/arm-none-eabi/4.8.4/../../../../arm-none-eabi/lib/armv6-m\libg_s.a(lib_a-sbrkr.o)
 .debug_frame   0x00002874       0xa0 d:/freescale/kds_3.0.0/toolchain/bin/../lib/gcc/arm-none-eabi/4.8.4/../../../../arm-none-eabi/lib/armv6-m\libg_s.a(lib_a-vfprintf.o)
 .debug_frame   0x00002914       0x54 d:/freescale/kds_3.0.0/toolchain/bin/../lib/gcc/arm-none-eabi/4.8.4/../../../../arm-none-eabi/lib/armv6-m\libg_s.a(lib_a-vfprintf_i.o)
 .debug_frame   0x00002968       0x44 d:/freescale/kds_3.0.0/toolchain/bin/../lib/gcc/arm-none-eabi/4.8.4/../../../../arm-none-eabi/lib/armv6-m\libg_s.a(lib_a-wbuf.o)
 .debug_frame   0x000029ac       0x2c d:/freescale/kds_3.0.0/toolchain/bin/../lib/gcc/arm-none-eabi/4.8.4/../../../../arm-none-eabi/lib/armv6-m\libg_s.a(lib_a-wsetup.o)
 .debug_frame   0x000029d8       0x28 d:/freescale/kds_3.0.0/toolchain/bin/../lib/gcc/arm-none-eabi/4.8.4/../../../../arm-none-eabi/lib/armv6-m\libg_s.a(lib_a-abort.o)
 .debug_frame   0x00002a00       0x68 d:/freescale/kds_3.0.0/toolchain/bin/../lib/gcc/arm-none-eabi/4.8.4/../../../../arm-none-eabi/lib/armv6-m\libg_s.a(lib_a-fflush.o)
 .debug_frame   0x00002a68      0x148 d:/freescale/kds_3.0.0/toolchain/bin/../lib/gcc/arm-none-eabi/4.8.4/../../../../arm-none-eabi/lib/armv6-m\libg_s.a(lib_a-findfp.o)
 .debug_frame   0x00002bb0       0x30 d:/freescale/kds_3.0.0/toolchain/bin/../lib/gcc/arm-none-eabi/4.8.4/../../../../arm-none-eabi/lib/armv6-m\libg_s.a(lib_a-makebuf.o)
 .debug_frame   0x00002be0       0x20 d:/freescale/kds_3.0.0/toolchain/bin/../lib/gcc/arm-none-eabi/4.8.4/../../../../arm-none-eabi/lib/armv6-m\libg_s.a(lib_a-memchr-stub.o)